00:00 +0: loading /data/data/com.termux/files/home/ubuntu/flutteruser/flutterapps/fluvi-balance-wave-defaults/test/core/design/fluvi_bounded_curve_test.dart
00:00 +0: /data/data/com.termux/files/home/ubuntu/flutteruser/flutterapps/fluvi-balance-wave-defaults/test/core/design/fluvi_bounded_curve_test.dart: wider renderer span keeps endpoints and control bounds
00:00 +1: /data/data/com.termux/files/home/ubuntu/flutteruser/flutterapps/fluvi-balance-wave-defaults/test/core/design/fluvi_bounded_curve_test.dart: WR-26 preserves the existing Mind segment constructor and exact controls
00:00 +2: loading /data/data/com.termux/files/home/ubuntu/flutteruser/flutterapps/fluvi-balance-wave-defaults/test/boundary/balance_monthly_topographic_chart_boundary_test.dart
00:03 +2: /data/data/com.termux/files/home/ubuntu/flutteruser/flutterapps/fluvi-balance-wave-defaults/test/boundary/balance_monthly_topographic_chart_boundary_test.dart: WR-28 bounded controls have one owner shared by Mind and Month
00:03 +3: /data/data/com.termux/files/home/ubuntu/flutteruser/flutterapps/fluvi-balance-wave-defaults/test/boundary/balance_monthly_topographic_chart_boundary_test.dart: MTC-02 RED: the four-choice monthly chart catalog is owned by Balance presentation settings
00:03 +4: /data/data/com.termux/files/home/ubuntu/flutteruser/flutterapps/fluvi-balance-wave-defaults/test/boundary/balance_monthly_topographic_chart_boundary_test.dart: BMR-06 boundary: the terrain uses one cached material painter with a vertex-lit fallback and registered FragmentProgram rather than contour widgets
00:03 +5: loading /data/data/com.termux/files/home/ubuntu/flutteruser/flutterapps/fluvi-balance-wave-defaults/test/boundary/balance_monthly_topographic_native_platform_boundary_test.dart
00:07 +5: /data/data/com.termux/files/home/ubuntu/flutteruser/flutterapps/fluvi-balance-wave-defaults/test/boundary/balance_monthly_topographic_native_platform_boundary_test.dart: MTC-02 boundary: Android persists the four-choice monthly spending renderer independently from Header graph selection
00:07 +6: /data/data/com.termux/files/home/ubuntu/flutteruser/flutterapps/fluvi-balance-wave-defaults/test/boundary/balance_monthly_topographic_native_platform_boundary_test.dart: MTC-06 boundary: the monthly terrain is presentation-only and does not acquire ledger/query or backdrop-filter ownership
00:07 +7: loading /data/data/com.termux/files/home/ubuntu/flutteruser/flutterapps/fluvi-balance-wave-defaults/test/features/dashboard/presentation/fluvi_wave_recovery_test.dart
00:11 +7: /data/data/com.termux/files/home/ubuntu/flutteruser/flutterapps/fluvi-balance-wave-defaults/test/features/dashboard/presentation/fluvi_wave_recovery_test.dart: (setUpAll)
00:12 +7: /data/data/com.termux/files/home/ubuntu/flutteruser/flutterapps/fluvi-balance-wave-defaults/test/features/dashboard/presentation/fluvi_wave_recovery_test.dart: WR-08 isolated peaks are rounded without clipped flat samples
00:13 +8: /data/data/com.termux/files/home/ubuntu/flutteruser/flutterapps/fluvi-balance-wave-defaults/test/features/dashboard/presentation/fluvi_wave_recovery_test.dart: WR-15/19 real Dashboard host preserves tap/vertical ownership and warm cache
Carousel fling: raw=0.0px/s, effective=0.0px/s, itemExtent=32.00, speed=0.00 items/s, band=nearest, maxStep=0, projected=0, target=0, delta=0
Carousel fling: raw=0.0px/s, effective=0.0px/s, itemExtent=32.00, speed=0.00 items/s, band=nearest, maxStep=0, projected=100000, target=100000, delta=0
WR-19 software/proot only: 30 warm selections 880260 us; {geometryId: 217373036, textureGeometryId: null, size: Size(240.1, 128.3), clip: Rect.fromLTRB(0.0, 0.0, 240.1, 128.3), plot: Rect.fromLTRB(10.0, 36.0, 230.1, 124.3), financialBaseline: 97.79090909090908, styleRoute: mesh, shaderState: not-requested, shaderError: null, geometryBuilds: 1, geometryMicros: 123480, textureRequests: 0, texturePublications: 0, textureDisposals: 0, textureMicros: 0, paints: 31, selectedIndex: 30, selectedKey: 31, selectedValueMinor: 60000, tooltipText: 600 Ft, lookupRequestToPaintMicros: null, markerBounds: Rect.fromLTRB(223.8, 88.5, 236.3, 101.0), tooltipBounds: Rect.fromLTRB(164.1, 57.7, 240.1, 81.7), disposed: false}
00:16 +9: /data/data/com.termux/files/home/ubuntu/flutteruser/flutterapps/fluvi-balance-wave-defaults/test/features/dashboard/presentation/fluvi_wave_recovery_test.dart: WR-08/09 positive same-x body depth, 28 calendar days
00:17 +10: /data/data/com.termux/files/home/ubuntu/flutteruser/flutterapps/fluvi-balance-wave-defaults/test/features/dashboard/presentation/fluvi_wave_recovery_test.dart: WR-08/09 positive same-x body depth, 29 calendar days
00:17 +11: /data/data/com.termux/files/home/ubuntu/flutteruser/flutterapps/fluvi-balance-wave-defaults/test/features/dashboard/presentation/fluvi_wave_recovery_test.dart: WR-08/09 positive same-x body depth, 30 calendar days
00:17 +12: /data/data/com.termux/files/home/ubuntu/flutteruser/flutterapps/fluvi-balance-wave-defaults/test/features/dashboard/presentation/fluvi_wave_recovery_test.dart: WR-08/09 positive same-x body depth, 31 calendar days
00:17 +13: /data/data/com.termux/files/home/ubuntu/flutteruser/flutterapps/fluvi-balance-wave-defaults/test/features/dashboard/presentation/fluvi_wave_recovery_test.dart: WR-12 isolated vertex-colour pixel probe
WR-12 vertex pixels {srcOver: [150, 130, 242, 255], dst: [150, 130, 242, 255]}
00:26 +14: /data/data/com.termux/files/home/ubuntu/flutteruser/flutterapps/fluvi-balance-wave-defaults/test/features/dashboard/presentation/fluvi_wave_recovery_test.dart: WR-12 lookup decodes the ridge at the same physical x
WR-12 max same-x lookup error 0.0006713969634546402 px
00:26 +15: /data/data/com.termux/files/home/ubuntu/flutteruser/flutterapps/fluvi-balance-wave-defaults/test/features/dashboard/presentation/fluvi_wave_recovery_test.dart: WR-15 exact edge selection and painted marker/tooltip containment
00:27 +16: /data/data/com.termux/files/home/ubuntu/flutteruser/flutterapps/fluvi-balance-wave-defaults/test/features/dashboard/presentation/fluvi_wave_recovery_test.dart: WR-12 failed shader load keeps the same-data painted fallback
00:27 +17: /data/data/com.termux/files/home/ubuntu/flutteruser/flutterapps/fluvi-balance-wave-defaults/test/features/dashboard/presentation/fluvi_wave_recovery_test.dart: WR-13 production async owner never paints another terrain lookup
WR-19 retained production resource lifecycle {geometryId: 691301843, textureGeometryId: null, size: Size(240.0, 128.0), clip: Rect.fromLTRB(0.0, 0.0, 240.0, 128.0), plot: Rect.fromLTRB(10.0, 36.0, 230.0, 124.0), financialBaseline: 97.6, styleRoute: mesh, shaderState: not-requested, shaderError: null, geometryBuilds: 7, geometryMicros: 293417, textureRequests: 6, texturePublications: 2, textureDisposals: 6, textureMicros: 359621, paints: 13, selectedIndex: 30, selectedKey: 31, selectedValueMinor: 26800000, tooltipText: 268 k Ft, lookupRequestToPaintMicros: 9522, markerBounds: Rect.fromLTRB(223.8, 29.8, 236.3, 42.3), tooltipBounds: Rect.fromLTRB(144.0, 2.0, 240.0, 26.0), disposed: true}
00:28 +18: /data/data/com.termux/files/home/ubuntu/flutteruser/flutterapps/fluvi-balance-wave-defaults/test/features/dashboard/presentation/fluvi_wave_recovery_test.dart: WR-06 production-parent baseline, complete sparse month
WR-06 {dataset: sparse-31-synthetic-268k, selectedStyle: terrain, route: mesh, chartLocalSize: Size(240.1, 128.3), chartGlobalBounds: Rect.fromLTRB(27.8, 308.7, 267.8, 437.0), transformToRoot: [1.0, 0.0, 0.0, 0.0, 0.0, 1.0, 0.0, 0.0, 0.0, 0.0, 1.0, 0.0, 27.774410774410775, 308.7485970819304, 0.0, 1.0], financialPlot: Rect.fromLTRB(10.0, 36.0, 230.1, 124.3), minSameXDepth: 20.744484171625274, highestDay: 2}
00:30 +19: /data/data/com.termux/files/home/ubuntu/flutteruser/flutterapps/fluvi-balance-wave-defaults/test/features/dashboard/presentation/fluvi_wave_recovery_test.dart: (tearDownAll)
00:30 +19: loading /data/data/com.termux/files/home/ubuntu/flutteruser/flutterapps/fluvi-balance-wave-defaults/test/features/dashboard/presentation/fluvi_wave_visual_test.dart
00:34 +19: /data/data/com.termux/files/home/ubuntu/flutteruser/flutterapps/fluvi-balance-wave-defaults/test/features/dashboard/presentation/fluvi_wave_visual_test.dart: (setUpAll)
00:34 +19: /data/data/com.termux/files/home/ubuntu/flutteruser/flutterapps/fluvi-balance-wave-defaults/test/features/dashboard/presentation/fluvi_wave_visual_test.dart: WR-18 actual Month material reference and ablation scenes
WR-18 reference-mesh-body-412 substantial violet body coverage=0.24376906088968345 {geometryId: 319063473, textureGeometryId: null, size: Size(240.1, 128.3), clip: Rect.fromLTRB(0.0, 0.0, 240.1, 128.3), plot: Rect.fromLTRB(10.0, 36.0, 230.1, 124.3), financialBaseline: 97.79090909090908, styleRoute: mesh, shaderState: not-requested, shaderError: null, geometryBuilds: 1, geometryMicros: 391894, textureRequests: 0, texturePublications: 0, textureDisposals: 0, textureMicros: 0, paints: 2, selectedIndex: null, selectedKey: null, selectedValueMinor: null, tooltipText: null, lookupRequestToPaintMicros: null, markerBounds: null, tooltipBounds: null, disposed: false}
WR-18 reference-shader-body-412 substantial violet body coverage=0.24446475808343512 {geometryId: 319063473, textureGeometryId: 319063473, size: Size(240.1, 128.3), clip: Rect.fromLTRB(0.0, 0.0, 240.1, 128.3), plot: Rect.fromLTRB(10.0, 36.0, 230.1, 124.3), financialBaseline: 97.79090909090908, styleRoute: shader, shaderState: ready, shaderError: null, geometryBuilds: 1, geometryMicros: 391894, textureRequests: 1, texturePublications: 1, textureDisposals: 0, textureMicros: 182980, paints: 8, selectedIndex: null, selectedKey: null, selectedValueMinor: null, tooltipText: null, lookupRequestToPaintMicros: 216790, markerBounds: null, tooltipBounds: null, disposed: false}
WR-27 optional animated atmosphere background pixel [253, 253, 253]
WR-18 sparse-mesh-body-412 substantial violet body coverage=0.1387430531399403 {geometryId: 704159831, textureGeometryId: null, size: Size(240.1, 128.3), clip: Rect.fromLTRB(0.0, 0.0, 240.1, 128.3), plot: Rect.fromLTRB(10.0, 36.0, 230.1, 124.3), financialBaseline: 97.79090909090908, styleRoute: mesh, shaderState: not-requested, shaderError: null, geometryBuilds: 2, geometryMicros: 453175, textureRequests: 2, texturePublications: 2, textureDisposals: 2, textureMicros: 271768, paints: 14, selectedIndex: null, selectedKey: null, selectedValueMinor: null, tooltipText: null, lookupRequestToPaintMicros: 113745, markerBounds: null, tooltipBounds: null, disposed: false}
WR-18 same-data shader/mesh mean channel difference=0.1581012320311931 /255
00:56 +20: /data/data/com.termux/files/home/ubuntu/flutteruser/flutterapps/fluvi-balance-wave-defaults/test/features/dashboard/presentation/fluvi_wave_visual_test.dart: (tearDownAll)
00:56 +20: All tests passed!
