SYMBOL
scip-dart pub fluvi 0.1.0+1 lib/features/dashboard/presentation/core_modes/`fluvi_topographic_wave_chart.dart`/FluviTopographicWaveChart#
DEFINITION
lib/features/dashboard/presentation/core_modes/fluvi_topographic_wave_chart.dart:66
FAMILY MEMBERS
scip-dart pub fluvi 0.1.0+1 lib/features/dashboard/presentation/core_modes/`fluvi_topographic_wave_chart.dart`/FluviTopographicWaveChart#
scip-dart pub fluvi 0.1.0+1 lib/features/dashboard/presentation/core_modes/`fluvi_topographic_wave_chart.dart`/FluviTopographicWaveChart#`<constructor>`().
REFERENCES
total=22 production=4 tests=18
CONSUMER FILES
lib/features/dashboard/presentation/core_modes/balance_alternative_extended_sheet_cards.dart
lib/features/dashboard/presentation/core_modes/fluvi_topographic_wave_chart.dart
test/features/dashboard/presentation/fluvi_topographic_wave_chart_test.dart
test/features/dashboard/presentation/fluvi_wave_recovery_test.dart
test/features/dashboard/presentation/fluvi_wave_visual_test.dart
PRODUCTION REFERENCES
lib/features/dashboard/presentation/core_modes/balance_alternative_extended_sheet_cards.dart:256:6 reference
lib/features/dashboard/presentation/core_modes/fluvi_topographic_wave_chart.dart:83:8 reference
lib/features/dashboard/presentation/core_modes/fluvi_topographic_wave_chart.dart:88:18 reference
lib/features/dashboard/presentation/core_modes/fluvi_topographic_wave_chart.dart:206:33 reference
TEST REFERENCES
test/features/dashboard/presentation/fluvi_topographic_wave_chart_test.dart:119:25 reference
test/features/dashboard/presentation/fluvi_topographic_wave_chart_test.dart:217:23 reference
test/features/dashboard/presentation/fluvi_topographic_wave_chart_test.dart:257:19 reference
test/features/dashboard/presentation/fluvi_topographic_wave_chart_test.dart:291:27 reference
test/features/dashboard/presentation/fluvi_topographic_wave_chart_test.dart:333:25 reference
test/features/dashboard/presentation/fluvi_topographic_wave_chart_test.dart:379:25 reference
test/features/dashboard/presentation/fluvi_topographic_wave_chart_test.dart:393:28 reference
test/features/dashboard/presentation/fluvi_wave_recovery_test.dart:121:32 reference
test/features/dashboard/presentation/fluvi_wave_recovery_test.dart:328:52 reference
test/features/dashboard/presentation/fluvi_wave_recovery_test.dart:330:50 reference
test/features/dashboard/presentation/fluvi_wave_recovery_test.dart:342:37 reference
test/features/dashboard/presentation/fluvi_wave_recovery_test.dart:385:21 reference
test/features/dashboard/presentation/fluvi_wave_recovery_test.dart:436:21 reference
test/features/dashboard/presentation/fluvi_wave_recovery_test.dart:491:40 reference
test/features/dashboard/presentation/fluvi_wave_recovery_test.dart:550:36 reference
test/features/dashboard/presentation/fluvi_wave_recovery_test.dart:551:32 reference
test/features/dashboard/presentation/fluvi_wave_visual_test.dart:212:51 reference
test/features/dashboard/presentation/fluvi_wave_visual_test.dart:252:38 reference
SYMBOL
scip-dart pub fluvi 0.1.0+1 lib/features/dashboard/presentation/core_modes/`fluvi_topographic_wave_chart.dart`/FluviTopographicWaveTerrain#
DEFINITION
lib/features/dashboard/presentation/core_modes/fluvi_topographic_wave_chart.dart:397
FAMILY MEMBERS
scip-dart pub fluvi 0.1.0+1 lib/features/dashboard/presentation/core_modes/`fluvi_topographic_wave_chart.dart`/FluviTopographicWaveTerrain#
REFERENCES
total=29 production=19 tests=10
CONSUMER FILES
lib/features/dashboard/presentation/core_modes/fluvi_topographic_wave_chart.dart
lib/features/dashboard/presentation/core_modes/fluvi_wave_render_probe.dart
lib/features/dashboard/presentation/core_modes/fluvi_wave_surface_lookup.dart
test/features/dashboard/presentation/fluvi_topographic_wave_chart_test.dart
test/features/dashboard/presentation/fluvi_wave_recovery_test.dart
PRODUCTION REFERENCES
lib/features/dashboard/presentation/core_modes/fluvi_topographic_wave_chart.dart:94:2 reference
lib/features/dashboard/presentation/core_modes/fluvi_topographic_wave_chart.dart:95:2 reference
lib/features/dashboard/presentation/core_modes/fluvi_topographic_wave_chart.dart:158:32 reference
lib/features/dashboard/presentation/core_modes/fluvi_topographic_wave_chart.dart:452:9 reference
lib/features/dashboard/presentation/core_modes/fluvi_topographic_wave_chart.dart:463:13 reference
lib/features/dashboard/presentation/core_modes/fluvi_topographic_wave_chart.dart:487:13 reference
lib/features/dashboard/presentation/core_modes/fluvi_topographic_wave_chart.dart:553:11 reference
lib/features/dashboard/presentation/core_modes/fluvi_topographic_wave_chart.dart:786:2 reference
lib/features/dashboard/presentation/core_modes/fluvi_topographic_wave_chart.dart:788:2 reference
lib/features/dashboard/presentation/core_modes/fluvi_topographic_wave_chart.dart:795:22 reference
lib/features/dashboard/presentation/core_modes/fluvi_topographic_wave_chart.dart:835:8 reference
lib/features/dashboard/presentation/core_modes/fluvi_topographic_wave_chart.dart:917:8 reference
lib/features/dashboard/presentation/core_modes/fluvi_wave_render_probe.dart:26:34 reference
lib/features/dashboard/presentation/core_modes/fluvi_wave_render_probe.dart:33:40 reference
lib/features/dashboard/presentation/core_modes/fluvi_wave_render_probe.dart:64:2 reference
lib/features/dashboard/presentation/core_modes/fluvi_wave_render_probe.dart:65:2 reference
lib/features/dashboard/presentation/core_modes/fluvi_wave_render_probe.dart:106:19 reference
lib/features/dashboard/presentation/core_modes/fluvi_wave_surface_lookup.dart:11:4 reference
lib/features/dashboard/presentation/core_modes/fluvi_wave_surface_lookup.dart:27:18 reference
TEST REFERENCES
test/features/dashboard/presentation/fluvi_topographic_wave_chart_test.dart:33:22 reference
test/features/dashboard/presentation/fluvi_topographic_wave_chart_test.dart:75:22 reference
test/features/dashboard/presentation/fluvi_topographic_wave_chart_test.dart:151:22 reference
test/features/dashboard/presentation/fluvi_topographic_wave_chart_test.dart:168:22 reference
test/features/dashboard/presentation/fluvi_wave_recovery_test.dart:26:20 reference
test/features/dashboard/presentation/fluvi_wave_recovery_test.dart:185:24 reference
test/features/dashboard/presentation/fluvi_wave_recovery_test.dart:261:20 reference
test/features/dashboard/presentation/fluvi_wave_recovery_test.dart:412:24 reference
test/features/dashboard/presentation/fluvi_wave_recovery_test.dart:413:28 reference
test/features/dashboard/presentation/fluvi_wave_recovery_test.dart:558:39 reference
SYMBOL
scip-dart pub fluvi 0.1.0+1 lib/core/design/`fluvi_bounded_curve.dart`/fluviBoundedMonotoneSegments().
DEFINITION
lib/core/design/fluvi_bounded_curve.dart:20
FAMILY MEMBERS
scip-dart pub fluvi 0.1.0+1 lib/core/design/`fluvi_bounded_curve.dart`/fluviBoundedMonotoneSegments().
REFERENCES
total=3 production=2 tests=1
CONSUMER FILES
lib/features/dashboard/mind/presentation/mind_detailed_sum_chart.dart
lib/features/dashboard/presentation/core_modes/fluvi_topographic_wave_chart.dart
test/core/design/fluvi_bounded_curve_test.dart
PRODUCTION REFERENCES
lib/features/dashboard/mind/presentation/mind_detailed_sum_chart.dart:982:4 reference
lib/features/dashboard/presentation/core_modes/fluvi_topographic_wave_chart.dart:737:8 reference
TEST REFERENCES
test/core/design/fluvi_bounded_curve_test.dart:8:21 reference
SYMBOL
scip-dart pub fluvi 0.1.0+1 lib/features/dashboard/presentation/core_modes/`balance_alternative_extended_sheet_cards.dart`/BalanceAlternativeDailySpendCard#
DEFINITION
lib/features/dashboard/presentation/core_modes/balance_alternative_extended_sheet_cards.dart:100
FAMILY MEMBERS
scip-dart pub fluvi 0.1.0+1 lib/features/dashboard/presentation/core_modes/`balance_alternative_extended_sheet_cards.dart`/BalanceAlternativeDailySpendCard#
scip-dart pub fluvi 0.1.0+1 lib/features/dashboard/presentation/core_modes/`balance_alternative_extended_sheet_cards.dart`/BalanceAlternativeDailySpendCard#`<constructor>`().
REFERENCES
total=8 production=1 tests=7
CONSUMER FILES
lib/features/dashboard/presentation/core_modes/balance_dashboard_core_surface.dart
test/features/dashboard/presentation/balance_alternative_extended_sheet_cards_test.dart
test/features/dashboard/presentation/balance_dashboard_core_surface_test.dart
PRODUCTION REFERENCES
lib/features/dashboard/presentation/core_modes/balance_dashboard_core_surface.dart:1195:19 reference
TEST REFERENCES
test/features/dashboard/presentation/balance_alternative_extended_sheet_cards_test.dart:72:23 reference
test/features/dashboard/presentation/balance_alternative_extended_sheet_cards_test.dart:128:27 reference
test/features/dashboard/presentation/balance_alternative_extended_sheet_cards_test.dart:244:27 reference
test/features/dashboard/presentation/balance_alternative_extended_sheet_cards_test.dart:285:27 reference
test/features/dashboard/presentation/balance_alternative_extended_sheet_cards_test.dart:483:22 reference
test/features/dashboard/presentation/balance_dashboard_core_surface_test.dart:773:22 reference
test/features/dashboard/presentation/balance_dashboard_core_surface_test.dart:774:28 reference
