   Woah! You appear to be trying to run flutter as root.
   We strongly recommend running the flutter tool without superuser privileges.
  /
📎
Failed to clean up asset directory build/unit_test_assets: FileSystemException: Deletion failed, path = 'build/unit_test_assets' (OS Error: Directory not empty, errno = 39)
To clean build artifacts, use the command "flutter clean".
00:00 +0: loading /data/data/com.termux/files/home/ubuntu/flutteruser/flutterapps/fluvi-balance-wave-defaults/test/features/dashboard/presentation/fluvi_wave_recovery_test.dart
00:00 +0: (setUpAll)
00:00 +0: WR-08/09 positive same-x body depth, 28 calendar days
00:00 +1: WR-08/09 positive same-x body depth, 29 calendar days
00:00 +2: WR-08/09 positive same-x body depth, 30 calendar days
00:00 +3: WR-08/09 positive same-x body depth, 31 calendar days
00:00 +4: WR-12 isolated vertex-colour pixel probe
WR-12 vertex pixels {srcOver: [150, 130, 242, 255], dst: [150, 130, 242, 255]}
00:12 +5: WR-12 lookup decodes the ridge at the same physical x
WR-12 max same-x lookup error 0.0006709447312829298 px
00:12 +6: WR-15 exact edge selection and painted marker/tooltip containment
00:14 +7: WR-13 production async owner never paints another terrain lookup
00:14 +8: WR-06 production-parent baseline, complete sparse month
WR-06 {dataset: sparse-31-synthetic-268k, selectedStyle: terrain, route: mesh, chartLocalSize: Size(240.1, 128.3), chartGlobalBounds: Rect.fromLTRB(27.8, 308.7, 267.8, 437.0), transformToRoot: [1.0, 0.0, 0.0, 0.0, 0.0, 1.0, 0.0, 0.0, 0.0, 0.0, 1.0, 0.0, 27.774410774410775, 308.7485970819304, 0.0, 1.0], financialPlot: Rect.fromLTRB(10.0, 36.0, 230.1, 124.3), minSameXDepth: 25.15812053526163, highestDay: 2}
00:17 +9: (tearDownAll)
00:17 +9: All tests passed!
