   Woah! You appear to be trying to run flutter as root.
   We strongly recommend running the flutter tool without superuser privileges.
  /
📎
00:00 +0: loading /data/data/com.termux/files/home/ubuntu/flutteruser/flutterapps/fluvi-balance-wave-defaults/test/features/dashboard/presentation/fluvi_wave_recovery_test.dart
00:00 +0: (setUpAll)
00:00 +0: WR-12 lookup decodes the ridge at the same physical x
WR-12 max same-x lookup error 7.163236837505423 px
══╡ EXCEPTION CAUGHT BY FLUTTER TEST FRAMEWORK ╞════════════════════════════════════════════════════
The following TestFailure was thrown running a test:
Expected: a value less than <0.015>
  Actual: <7.163236837505423>
   Which: is not a value less than <0.015>
one coordinate parameterization and subpixel precision, including edges

When the exception was thrown, this was the stack:
#4      main.<anonymous closure> (file:///data/data/com.termux/files/home/ubuntu/flutteruser/flutterapps/fluvi-balance-wave-defaults/test/features/dashboard/presentation/fluvi_wave_recovery_test.dart:123:5)
<asynchronous suspension>
#5      testWidgets.<anonymous closure>.<anonymous closure> (package:flutter_test/src/widget_tester.dart:192:15)
<asynchronous suspension>
#6      TestWidgetsFlutterBinding._runTestBody (package:flutter_test/src/binding.dart:1682:5)
<asynchronous suspension>
<asynchronous suspension>
(elided one frame from package:stack_trace)

This was caught by the test expectation on the following line:
  file:///data/data/com.termux/files/home/ubuntu/flutteruser/flutterapps/fluvi-balance-wave-defaults/test/features/dashboard/presentation/fluvi_wave_recovery_test.dart line 123
The test description was:
  WR-12 lookup decodes the ridge at the same physical x
════════════════════════════════════════════════════════════════════════════════════════════════════
00:00 +0 -1: WR-12 lookup decodes the ridge at the same physical x [E]
  Test failed. See exception logs above.
  The test description was: WR-12 lookup decodes the ridge at the same physical x
  
00:00 +0 -1: WR-15 exact edge selection and painted marker/tooltip containment
══╡ EXCEPTION CAUGHT BY FLUTTER TEST FRAMEWORK ╞════════════════════════════════════════════════════
The following TestFailure was thrown running a test:
Expected: a value greater than or equal to <0>
  Actual: <-4.25>
   Which: is not a value greater than or equal to <0>

When the exception was thrown, this was the stack:
#4      main.<anonymous closure> (file:///data/data/com.termux/files/home/ubuntu/flutteruser/flutterapps/fluvi-balance-wave-defaults/test/features/dashboard/presentation/fluvi_wave_recovery_test.dart:144:9)
<asynchronous suspension>
#5      testWidgets.<anonymous closure>.<anonymous closure> (package:flutter_test/src/widget_tester.dart:192:15)
<asynchronous suspension>
#6      TestWidgetsFlutterBinding._runTestBody (package:flutter_test/src/binding.dart:1682:5)
<asynchronous suspension>
<asynchronous suspension>
(elided one frame from package:stack_trace)

This was caught by the test expectation on the following line:
  file:///data/data/com.termux/files/home/ubuntu/flutteruser/flutterapps/fluvi-balance-wave-defaults/test/features/dashboard/presentation/fluvi_wave_recovery_test.dart line 144
The test description was:
  WR-15 exact edge selection and painted marker/tooltip containment
════════════════════════════════════════════════════════════════════════════════════════════════════
00:02 +0 -2: WR-15 exact edge selection and painted marker/tooltip containment [E]
  Test failed. See exception logs above.
  The test description was: WR-15 exact edge selection and painted marker/tooltip containment
  
00:02 +0 -2: (tearDownAll)
00:02 +0 -2: Some tests failed.
