   Woah! You appear to be trying to run flutter as root.
   We strongly recommend running the flutter tool without superuser privileges.
  /
📎
00:00 +0: loading /data/data/com.termux/files/home/ubuntu/flutteruser/flutterapps/fluvi-balance-wave-defaults/test/features/dashboard/presentation/fluvi_wave_visual_test.dart
00:00 +0: /data/data/com.termux/files/home/ubuntu/flutteruser/flutterapps/fluvi-balance-wave-defaults/test/features/dashboard/presentation/fluvi_wave_visual_test.dart: (setUpAll)
00:00 +0: /data/data/com.termux/files/home/ubuntu/flutteruser/flutterapps/fluvi-balance-wave-defaults/test/features/dashboard/presentation/fluvi_wave_visual_test.dart: WR-18 actual Month material reference and ablation scenes
00:02 +1: /data/data/com.termux/files/home/ubuntu/flutteruser/flutterapps/fluvi-balance-wave-defaults/test/features/dashboard/presentation/fluvi_wave_visual_test.dart: WR-18 actual Month material reference and ablation scenes
00:02 +2: /data/data/com.termux/files/home/ubuntu/flutteruser/flutterapps/fluvi-balance-wave-defaults/test/features/dashboard/presentation/fluvi_wave_visual_test.dart: WR-18 actual Month material reference and ablation scenes
00:03 +3: /data/data/com.termux/files/home/ubuntu/flutteruser/flutterapps/fluvi-balance-wave-defaults/test/features/dashboard/presentation/fluvi_wave_visual_test.dart: WR-18 actual Month material reference and ablation scenes
00:03 +4: /data/data/com.termux/files/home/ubuntu/flutteruser/flutterapps/fluvi-balance-wave-defaults/test/features/dashboard/presentation/fluvi_wave_visual_test.dart: WR-18 actual Month material reference and ablation scenes
00:03 +5: /data/data/com.termux/files/home/ubuntu/flutteruser/flutterapps/fluvi-balance-wave-defaults/test/features/dashboard/presentation/fluvi_wave_visual_test.dart: WR-18 actual Month material reference and ablation scenes
00:04 +6: /data/data/com.termux/files/home/ubuntu/flutteruser/flutterapps/fluvi-balance-wave-defaults/test/features/dashboard/presentation/fluvi_wave_visual_test.dart: WR-18 actual Month material reference and ablation scenes
00:06 +7: /data/data/com.termux/files/home/ubuntu/flutteruser/flutterapps/fluvi-balance-wave-defaults/test/features/dashboard/presentation/fluvi_wave_visual_test.dart: WR-18 actual Month material reference and ablation scenes
00:06 +8: /data/data/com.termux/files/home/ubuntu/flutteruser/flutterapps/fluvi-balance-wave-defaults/test/features/dashboard/presentation/fluvi_wave_visual_test.dart: WR-18 actual Month material reference and ablation scenes
00:07 +9: /data/data/com.termux/files/home/ubuntu/flutteruser/flutterapps/fluvi-balance-wave-defaults/test/features/dashboard/presentation/fluvi_wave_visual_test.dart: WR-18 actual Month material reference and ablation scenes
00:07 +10: /data/data/com.termux/files/home/ubuntu/flutteruser/flutterapps/fluvi-balance-wave-defaults/test/features/dashboard/presentation/fluvi_wave_visual_test.dart: WR-18 actual Month material reference and ablation scenes
00:07 +11: /data/data/com.termux/files/home/ubuntu/flutteruser/flutterapps/fluvi-balance-wave-defaults/test/features/dashboard/presentation/fluvi_wave_visual_test.dart: WR-18 actual Month material reference and ablation scenes
00:08 +12: /data/data/com.termux/files/home/ubuntu/flutteruser/flutterapps/fluvi-balance-wave-defaults/test/features/dashboard/presentation/fluvi_wave_visual_test.dart: WR-18 actual Month material reference and ablation scenes
00:10 +12: /data/data/com.termux/files/home/ubuntu/flutteruser/flutterapps/fluvi-balance-wave-defaults/test/features/dashboard/presentation/fluvi_wave_recovery_test.dart: WR-12 isolated vertex-colour pixel probe
WR-12 vertex pixels {srcOver: [150, 130, 242, 255], dst: [150, 130, 242, 255]}
00:10 +13: /data/data/com.termux/files/home/ubuntu/flutteruser/flutterapps/fluvi-balance-wave-defaults/test/features/dashboard/presentation/fluvi_wave_visual_test.dart: WR-18 actual Month material reference and ablation scenes
00:10 +13: /data/data/com.termux/files/home/ubuntu/flutteruser/flutterapps/fluvi-balance-wave-defaults/test/features/dashboard/presentation/fluvi_wave_recovery_test.dart: WR-12 lookup decodes the ridge at the same physical x
WR-12 max same-x lookup error 0.0006709447312829298 px
00:10 +14: /data/data/com.termux/files/home/ubuntu/flutteruser/flutterapps/fluvi-balance-wave-defaults/test/features/dashboard/presentation/fluvi_wave_visual_test.dart: WR-18 actual Month material reference and ablation scenes
00:12 +15: /data/data/com.termux/files/home/ubuntu/flutteruser/flutterapps/fluvi-balance-wave-defaults/test/features/dashboard/presentation/fluvi_wave_visual_test.dart: WR-18 actual Month material reference and ablation scenes
00:13 +16: /data/data/com.termux/files/home/ubuntu/flutteruser/flutterapps/fluvi-balance-wave-defaults/test/features/dashboard/presentation/fluvi_wave_visual_test.dart: WR-18 actual Month material reference and ablation scenes
00:16 +16: /data/data/com.termux/files/home/ubuntu/flutteruser/flutterapps/fluvi-balance-wave-defaults/test/features/dashboard/presentation/fluvi_wave_recovery_test.dart: WR-06 production-parent baseline, complete sparse month
WR-06 {dataset: sparse-31-synthetic-268k, selectedStyle: terrain, route: mesh, chartLocalSize: Size(240.1, 128.3), chartGlobalBounds: Rect.fromLTRB(27.8, 308.7, 267.8, 437.0), transformToRoot: [1.0, 0.0, 0.0, 0.0, 0.0, 1.0, 0.0, 0.0, 0.0, 0.0, 1.0, 0.0, 27.774410774410775, 308.7485970819304, 0.0, 1.0], financialPlot: Rect.fromLTRB(10.0, 36.0, 230.1, 124.3), minSameXDepth: 25.15812053526163, highestDay: 2}
00:17 +16: /data/data/com.termux/files/home/ubuntu/flutteruser/flutterapps/fluvi-balance-wave-defaults/test/features/dashboard/presentation/fluvi_wave_visual_test.dart: WR-18 actual Month material reference and ablation scenes
WR-18 reference-mesh-body-412 substantial violet body coverage=0.3052088305006593 {geometryId: 562950246, textureGeometryId: null, size: Size(240.1, 128.3), clip: Rect.fromLTRB(0.0, 0.0, 240.1, 128.3), plot: Rect.fromLTRB(10.0, 36.0, 230.1, 124.3), financialBaseline: 93.37727272727273, styleRoute: mesh, shaderState: not-requested, shaderError: null, geometryBuilds: 1, geometryMicros: 870045, textureRequests: 0, texturePublications: 0, textureDisposals: 0, textureMicros: 0, paints: 2, selectedIndex: null, markerBounds: null, tooltipBounds: null, disposed: false}
00:17 +17: /data/data/com.termux/files/home/ubuntu/flutteruser/flutterapps/fluvi-balance-wave-defaults/test/features/dashboard/presentation/fluvi_wave_visual_test.dart: WR-18 actual Month material reference and ablation scenes
WR-18 reference-shader-body-412 substantial violet body coverage=0.30627664479804556 {geometryId: 562950246, textureGeometryId: 562950246, size: Size(240.1, 128.3), clip: Rect.fromLTRB(0.0, 0.0, 240.1, 128.3), plot: Rect.fromLTRB(10.0, 36.0, 230.1, 124.3), financialBaseline: 93.37727272727273, styleRoute: shader, shaderState: ready, shaderError: null, geometryBuilds: 1, geometryMicros: 870045, textureRequests: 1, texturePublications: 1, textureDisposals: 0, textureMicros: 151178, paints: 8, selectedIndex: null, markerBounds: null, tooltipBounds: null, disposed: false}
WR-18 sparse-mesh-body-412 substantial violet body coverage=0.1904268830338869 {geometryId: 656103386, textureGeometryId: null, size: Size(240.1, 128.3), clip: Rect.fromLTRB(0.0, 0.0, 240.1, 128.3), plot: Rect.fromLTRB(10.0, 36.0, 230.1, 124.3), financialBaseline: 93.37727272727273, styleRoute: mesh, shaderState: not-requested, shaderError: null, geometryBuilds: 2, geometryMicros: 905264, textureRequests: 2, texturePublications: 2, textureDisposals: 2, textureMicros: 220392, paints: 13, selectedIndex: null, markerBounds: null, tooltipBounds: null, disposed: false}
WR-18 same-data shader/mesh mean channel difference=0.1921721931449558 /255
00:29 +18: /data/data/com.termux/files/home/ubuntu/flutteruser/flutterapps/fluvi-balance-wave-defaults/test/features/dashboard/presentation/fluvi_wave_visual_test.dart: (tearDownAll)
00:29 +18: All tests passed!
