   Woah! You appear to be trying to run flutter as root.
   We strongly recommend running the flutter tool without superuser privileges.
  /
📎
00:00 +0: loading /data/data/com.termux/files/home/ubuntu/flutteruser/flutterapps/fluvi-balance-wave-defaults/test/features/dashboard/presentation/fluvi_topographic_wave_chart_test.dart
00:00 +0: /data/data/com.termux/files/home/ubuntu/flutteruser/flutterapps/fluvi-balance-wave-defaults/test/features/dashboard/presentation/fluvi_topographic_wave_chart_test.dart: MTC-03: real daily values retain bounded interpolation and size-adaptive contour detail
00:00 +1: /data/data/com.termux/files/home/ubuntu/flutteruser/flutterapps/fluvi-balance-wave-defaults/test/features/dashboard/presentation/fluvi_topographic_wave_chart_test.dart: BMR-05: terrain resolves a continuous local-depth material body rather than a rectangle-global baseline fill
00:00 +2: /data/data/com.termux/files/home/ubuntu/flutteruser/flutterapps/fluvi-balance-wave-defaults/test/features/dashboard/presentation/fluvi_topographic_wave_chart_test.dart: MTC-03: real production cache reuses equal data and invalidates size/data
00:01 +3: /data/data/com.termux/files/home/ubuntu/flutteruser/flutterapps/fluvi-balance-wave-defaults/test/features/dashboard/presentation/fluvi_topographic_wave_chart_test.dart: MTC-03: an all-zero month has an empty surface without inventing a spend ridge or marker
00:01 +4: /data/data/com.termux/files/home/ubuntu/flutteruser/flutterapps/fluvi-balance-wave-defaults/test/features/dashboard/presentation/fluvi_topographic_wave_chart_test.dart: BMR-05: a sparse real spike keeps its datum ridge exact while retaining a finite local material body
00:01 +5: /data/data/com.termux/files/home/ubuntu/flutteruser/flutterapps/fluvi-balance-wave-defaults/test/features/dashboard/presentation/fluvi_topographic_wave_chart_test.dart: BMR-06: the registered local wave material compiles to a FragmentShader
00:01 +6: /data/data/com.termux/files/home/ubuntu/flutteruser/flutterapps/fluvi-balance-wave-defaults/test/features/dashboard/presentation/fluvi_topographic_wave_chart_test.dart: MTC-04/05: every terrain option mounts one clipped Canvas terrain without an atmospheric overlay
00:01 +7: /data/data/com.termux/files/home/ubuntu/flutteruser/flutterapps/fluvi-balance-wave-defaults/test/features/dashboard/presentation/fluvi_topographic_wave_chart_test.dart: MTC-03: a tap callback selects the exact nearest real datum
00:01 +8: /data/data/com.termux/files/home/ubuntu/flutteruser/flutterapps/fluvi-balance-wave-defaults/test/features/dashboard/presentation/fluvi_topographic_wave_chart_test.dart: MTC-07 visual: SVG-reference preset retains the reviewed oblique shell
00:02 +9: /data/data/com.termux/files/home/ubuntu/flutteruser/flutterapps/fluvi-balance-wave-defaults/test/features/dashboard/presentation/fluvi_topographic_wave_chart_test.dart: BMR-07 visual: a narrow monthly card keeps a true shaded surface for a sparse real spike
00:02 +10: /data/data/com.termux/files/home/ubuntu/flutteruser/flutterapps/fluvi-balance-wave-defaults/test/features/dashboard/presentation/fluvi_topographic_wave_chart_test.dart: BMR-07 visual: a zero month has no decorative landscape or financial marker
00:02 +11: loading /data/data/com.termux/files/home/ubuntu/flutteruser/flutterapps/fluvi-balance-wave-defaults/test/features/dashboard/presentation/balance_alternative_extended_sheet_cards_test.dart
00:05 +11: /data/data/com.termux/files/home/ubuntu/flutteruser/flutterapps/fluvi-balance-wave-defaults/test/features/dashboard/presentation/balance_alternative_extended_sheet_cards_test.dart: BAL-YEAR-02: annual income/expense pairs reserve ten percent more breathing room while labels remain readable
00:05 +12: /data/data/com.termux/files/home/ubuntu/flutteruser/flutterapps/fluvi-balance-wave-defaults/test/features/dashboard/presentation/balance_alternative_extended_sheet_cards_test.dart: MTC-02/06: only the monthly Költés child receives the three additive terrain renderers
00:06 +13: /data/data/com.termux/files/home/ubuntu/flutteruser/flutterapps/fluvi-balance-wave-defaults/test/features/dashboard/presentation/balance_alternative_extended_sheet_cards_test.dart: BMR-01/02: Month savings uses a centred large metric without a separator and the Költés chart keeps the recovered insight height
00:07 +14: /data/data/com.termux/files/home/ubuntu/flutteruser/flutterapps/fluvi-balance-wave-defaults/test/features/dashboard/presentation/balance_alternative_extended_sheet_cards_test.dart: BMR-03: the Monthly income/expense strip has no explanatory copy, aligns the expense metric to its end, and reuses Budget 3D chrome at the partition
00:07 +15: /data/data/com.termux/files/home/ubuntu/flutteruser/flutterapps/fluvi-balance-wave-defaults/test/features/dashboard/presentation/balance_alternative_extended_sheet_cards_test.dart: MTC-07 visual: the original and all three additive monthly spending choices remain phone-safe and visibly distinct
00:07 +16: /data/data/com.termux/files/home/ubuntu/flutteruser/flutterapps/fluvi-balance-wave-defaults/test/features/dashboard/presentation/balance_alternative_extended_sheet_cards_test.dart: ALT-HAVI2-UI-RED: month card renders real daily, no-spend, savings and strip data
00:07 +17: /data/data/com.termux/files/home/ubuntu/flutteruser/flutterapps/fluvi-balance-wave-defaults/test/features/dashboard/presentation/balance_alternative_extended_sheet_cards_test.dart: ALT-EVES-UI-RED: annual cards expose real closing chart and live bar/line switch
00:08 +18: /data/data/com.termux/files/home/ubuntu/flutteruser/flutterapps/fluvi-balance-wave-defaults/test/features/dashboard/presentation/balance_alternative_extended_sheet_cards_test.dart: ALT-HAVI2-UI-RED: income and expense strip retains the HTML fixed row height
00:08 +19: /data/data/com.termux/files/home/ubuntu/flutteruser/flutterapps/fluvi-balance-wave-defaults/test/features/dashboard/presentation/balance_alternative_extended_sheet_cards_test.dart: ALT-VISUAL: Havi 2 extended sheet keeps its HTML-derived card proportions
00:08 +20: /data/data/com.termux/files/home/ubuntu/flutteruser/flutterapps/fluvi-balance-wave-defaults/test/features/dashboard/presentation/balance_alternative_extended_sheet_cards_test.dart: ALT-VISUAL: Éves extended sheet keeps its HTML-derived card proportions
00:08 +21: All tests passed!
