   Woah! You appear to be trying to run flutter as root.
   We strongly recommend running the flutter tool without superuser privileges.
  /
📎
00:00 +0: loading /data/data/com.termux/files/home/ubuntu/flutteruser/flutterapps/fluvi-balance-wave-defaults/test/features/dashboard/presentation/fluvi_wave_shell_test.dart
00:00 +0: /data/data/com.termux/files/home/ubuntu/flutteruser/flutterapps/fluvi-balance-wave-defaults/test/features/dashboard/presentation/fluvi_wave_shell_test.dart: HS-04 curved turn, foreshortening and normals belong to one shell
00:00 +1: /data/data/com.termux/files/home/ubuntu/flutteruser/flutterapps/fluvi-balance-wave-defaults/test/features/dashboard/presentation/fluvi_wave_shell_test.dart: HS-04 inner return retains corresponding financial peak landmarks
00:00 +2: /data/data/com.termux/files/home/ubuntu/flutteruser/flutterapps/fluvi-balance-wave-defaults/test/features/dashboard/presentation/fluvi_wave_shell_test.dart: HS-04 corresponding shell features continue right and down
00:00 +3: loading /data/data/com.termux/files/home/ubuntu/flutteruser/flutterapps/fluvi-balance-wave-defaults/test/features/dashboard/presentation/fluvi_wave_recovery_test.dart
00:05 +3: /data/data/com.termux/files/home/ubuntu/flutteruser/flutterapps/fluvi-balance-wave-defaults/test/features/dashboard/presentation/fluvi_wave_recovery_test.dart: (setUpAll)
00:05 +3: /data/data/com.termux/files/home/ubuntu/flutteruser/flutterapps/fluvi-balance-wave-defaults/test/features/dashboard/presentation/fluvi_wave_recovery_test.dart: WR-08 isolated peaks are rounded without clipped flat samples
00:06 +4: /data/data/com.termux/files/home/ubuntu/flutteruser/flutterapps/fluvi-balance-wave-defaults/test/features/dashboard/presentation/fluvi_wave_recovery_test.dart: WR-15/19 real Dashboard host preserves tap/vertical ownership and warm cache
Carousel fling: raw=0.0px/s, effective=0.0px/s, itemExtent=32.00, speed=0.00 items/s, band=nearest, maxStep=0, projected=0, target=0, delta=0
Carousel fling: raw=0.0px/s, effective=0.0px/s, itemExtent=32.00, speed=0.00 items/s, band=nearest, maxStep=0, projected=100000, target=100000, delta=0
WR-19 software/proot only: 30 warm selections 571464 us; {geometryId: 119011044, textureGeometryId: null, size: Size(240.1, 128.3), clip: Rect.fromLTRB(0.0, 0.0, 240.1, 128.3), plot: Rect.fromLTRB(10.0, 36.0, 198.8, 124.3), financialBaseline: 97.79090909090908, shellVertices: 13472, projectedDepth: 31.206653198653196, styleRoute: mesh, shaderState: not-requested, shaderError: null, geometryBuilds: 1, geometryMicros: 68799, textureRequests: 0, texturePublications: 0, textureDisposals: 0, textureMicros: 0, paints: 27, selectedIndex: 30, selectedKey: 31, selectedValueMinor: 60000, tooltipText: 600 Ft, lookupRequestToPaintMicros: null, markerBounds: Rect.fromLTRB(192.6, 88.5, 205.1, 101.0), tooltipBounds: Rect.fromLTRB(160.8, 57.7, 236.8, 81.7), disposed: false}
00:08 +5: /data/data/com.termux/files/home/ubuntu/flutteruser/flutterapps/fluvi-balance-wave-defaults/test/features/dashboard/presentation/fluvi_wave_recovery_test.dart: WR-08/09 exact calendar and oblique shell depth, 28 calendar days
00:08 +6: /data/data/com.termux/files/home/ubuntu/flutteruser/flutterapps/fluvi-balance-wave-defaults/test/features/dashboard/presentation/fluvi_wave_recovery_test.dart: WR-08/09 exact calendar and oblique shell depth, 29 calendar days
00:08 +7: /data/data/com.termux/files/home/ubuntu/flutteruser/flutterapps/fluvi-balance-wave-defaults/test/features/dashboard/presentation/fluvi_wave_recovery_test.dart: WR-08/09 exact calendar and oblique shell depth, 30 calendar days
00:08 +8: /data/data/com.termux/files/home/ubuntu/flutteruser/flutterapps/fluvi-balance-wave-defaults/test/features/dashboard/presentation/fluvi_wave_recovery_test.dart: WR-08/09 exact calendar and oblique shell depth, 31 calendar days
00:09 +9: /data/data/com.termux/files/home/ubuntu/flutteruser/flutterapps/fluvi-balance-wave-defaults/test/features/dashboard/presentation/fluvi_wave_recovery_test.dart: WR-12 isolated vertex-colour pixel probe
WR-12 vertex pixels {srcOver: [150, 130, 242, 255], dst: [150, 130, 242, 255]}
00:14 +10: /data/data/com.termux/files/home/ubuntu/flutteruser/flutterapps/fluvi-balance-wave-defaults/test/features/dashboard/presentation/fluvi_wave_recovery_test.dart: HS-07 lookup carries visible projected normals and section depth
00:14 +11: /data/data/com.termux/files/home/ubuntu/flutteruser/flutterapps/fluvi-balance-wave-defaults/test/features/dashboard/presentation/fluvi_wave_recovery_test.dart: WR-15 exact edge selection and painted marker/tooltip containment
00:14 +12: /data/data/com.termux/files/home/ubuntu/flutteruser/flutterapps/fluvi-balance-wave-defaults/test/features/dashboard/presentation/fluvi_wave_recovery_test.dart: WR-12 failed shader load keeps the same-data painted fallback
00:15 +13: /data/data/com.termux/files/home/ubuntu/flutteruser/flutterapps/fluvi-balance-wave-defaults/test/features/dashboard/presentation/fluvi_wave_recovery_test.dart: WR-13 production async owner never paints another terrain lookup
WR-19 retained production resource lifecycle {geometryId: 254326802, textureGeometryId: null, size: Size(240.0, 128.0), clip: Rect.fromLTRB(0.0, 0.0, 240.0, 128.0), plot: Rect.fromLTRB(10.0, 36.0, 198.8, 124.0), financialBaseline: 97.6, shellVertices: 13472, projectedDepth: 31.200000000000003, styleRoute: mesh, shaderState: not-requested, shaderError: null, geometryBuilds: 7, geometryMicros: 111928, textureRequests: 6, texturePublications: 2, textureDisposals: 6, textureMicros: 230700, paints: 13, selectedIndex: 30, selectedKey: 31, selectedValueMinor: 26800000, tooltipText: 268 k Ft, lookupRequestToPaintMicros: 18761, markerBounds: Rect.fromLTRB(192.6, 29.8, 205.1, 42.3), tooltipBounds: Rect.fromLTRB(144.0, 2.0, 240.0, 26.0), disposed: true}
00:15 +14: /data/data/com.termux/files/home/ubuntu/flutteruser/flutterapps/fluvi-balance-wave-defaults/test/features/dashboard/presentation/fluvi_wave_recovery_test.dart: WR-06 production-parent baseline, complete sparse month
WR-06 {dataset: sparse-31-synthetic-268k, selectedStyle: terrain, route: mesh, chartLocalSize: Size(240.1, 128.3), chartGlobalBounds: Rect.fromLTRB(27.8, 308.7, 267.8, 437.0), transformToRoot: [1.0, 0.0, 0.0, 0.0, 0.0, 1.0, 0.0, 0.0, 0.0, 0.0, 1.0, 0.0, 27.774410774410775, 308.7485970819304, 0.0, 1.0], financialPlot: Rect.fromLTRB(10.0, 36.0, 198.8, 124.3), minSameXDepth: 8.827272727272728, highestDay: 2}
00:17 +15: /data/data/com.termux/files/home/ubuntu/flutteruser/flutterapps/fluvi-balance-wave-defaults/test/features/dashboard/presentation/fluvi_wave_recovery_test.dart: (tearDownAll)
00:17 +15: loading /data/data/com.termux/files/home/ubuntu/flutteruser/flutterapps/fluvi-balance-wave-defaults/test/features/dashboard/presentation/fluvi_wave_visual_test.dart
00:20 +15: /data/data/com.termux/files/home/ubuntu/flutteruser/flutterapps/fluvi-balance-wave-defaults/test/features/dashboard/presentation/fluvi_wave_visual_test.dart: (setUpAll)
00:20 +15: /data/data/com.termux/files/home/ubuntu/flutteruser/flutterapps/fluvi-balance-wave-defaults/test/features/dashboard/presentation/fluvi_wave_visual_test.dart: WR-18 actual Month material reference and ablation scenes
HS-05 static shader preset background pixel [255, 255, 255]
WR-18 same-data shader/mesh mean channel difference=0.17789017691741427 /255
00:42 +16: /data/data/com.termux/files/home/ubuntu/flutteruser/flutterapps/fluvi-balance-wave-defaults/test/features/dashboard/presentation/fluvi_wave_visual_test.dart: (tearDownAll)
00:42 +16: All tests passed!
