   Woah! You appear to be trying to run flutter as root.
   We strongly recommend running the flutter tool without superuser privileges.
  /
📎
00:00 +0: loading /data/data/com.termux/files/home/ubuntu/flutteruser/flutterapps/fluvi-balance-wave-defaults/test/features/dashboard/presentation/balance_alternative_scope_presentation_test.dart
00:00 +0: /data/data/com.termux/files/home/ubuntu/flutteruser/flutterapps/fluvi-balance-wave-defaults/test/features/dashboard/presentation/balance_alternative_scope_presentation_test.dart: ALT2-01: primary-only scope adapter retains an empty SUM distribution fallback
00:00 +1: /data/data/com.termux/files/home/ubuntu/flutteruser/flutterapps/fluvi-balance-wave-defaults/test/features/dashboard/presentation/balance_alternative_scope_presentation_test.dart: ALT2-01: Month and Day have independent alternative presentation types
00:00 +2: /data/data/com.termux/files/home/ubuntu/flutteruser/flutterapps/fluvi-balance-wave-defaults/test/features/dashboard/presentation/balance_alternative_scope_presentation_test.dart: ALT-HAVI2-RED: Month mixed presentation derives daily expense, no-spend, retention, and prior-month comparison from linked DTOs
00:00 +3: /data/data/com.termux/files/home/ubuntu/flutteruser/flutterapps/fluvi-balance-wave-defaults/test/features/dashboard/presentation/balance_alternative_scope_presentation_test.dart: ALT-EVES-RED: Year alternative derives closing buckets and the selected real savings value from linked DTOs
00:00 +4: /data/data/com.termux/files/home/ubuntu/flutteruser/flutterapps/fluvi-balance-wave-defaults/test/features/dashboard/presentation/balance_alternative_scope_presentation_test.dart: SUM-ADAPTER: linked SUM maps its established stability sample, savings and distribution without a second ledger query
00:00 +5: /data/data/com.termux/files/home/ubuntu/flutteruser/flutterapps/fluvi-balance-wave-defaults/test/features/dashboard/presentation/balance_alternative_scope_presentation_test.dart: ALT-HTML-RED: shared logical tokens are calculated from Havi 2 CSS
00:00 +6: loading /data/data/com.termux/files/home/ubuntu/flutteruser/flutterapps/fluvi-balance-wave-defaults/test/features/dashboard/presentation/balance_alternative_extended_sheet_cards_test.dart
00:04 +6: /data/data/com.termux/files/home/ubuntu/flutteruser/flutterapps/fluvi-balance-wave-defaults/test/features/dashboard/presentation/balance_alternative_extended_sheet_cards_test.dart: BAL-YEAR-02: annual income/expense pairs reserve ten percent more breathing room while labels remain readable
00:04 +7: /data/data/com.termux/files/home/ubuntu/flutteruser/flutterapps/fluvi-balance-wave-defaults/test/features/dashboard/presentation/balance_alternative_extended_sheet_cards_test.dart: MTC-02/06: only the monthly Költés child receives the three additive terrain renderers
00:06 +8: /data/data/com.termux/files/home/ubuntu/flutteruser/flutterapps/fluvi-balance-wave-defaults/test/features/dashboard/presentation/balance_alternative_extended_sheet_cards_test.dart: BMR-01/02: Month savings uses a centred large metric without a separator and the Költés chart keeps the recovered insight height
00:06 +9: /data/data/com.termux/files/home/ubuntu/flutteruser/flutterapps/fluvi-balance-wave-defaults/test/features/dashboard/presentation/balance_alternative_extended_sheet_cards_test.dart: BMR-03: the Monthly income/expense strip has no explanatory copy, aligns the expense metric to its end, and reuses Budget 3D chrome at the partition
00:06 +10: /data/data/com.termux/files/home/ubuntu/flutteruser/flutterapps/fluvi-balance-wave-defaults/test/features/dashboard/presentation/balance_alternative_extended_sheet_cards_test.dart: MTC-07 visual: the original and all three additive monthly spending choices remain phone-safe and visibly distinct
══╡ EXCEPTION CAUGHT BY FLUTTER TEST FRAMEWORK ╞════════════════════════════════════════════════════
The following assertion was thrown while running async test code:
Golden "../../../goldens/balance_monthly_spending_topographic.png": Pixel test failed, 45.77%,
59312px diff detected.
Failure feedback can be found at
/data/data/com.termux/files/home/ubuntu/flutteruser/flutterapps/fluvi-balance-wave-defaults/test/features/dashboard/presentation/failures

When the exception was thrown, this was the stack:
#0      LocalFileComparator.compare (package:flutter_test/src/_goldens_io.dart:108:5)
<asynchronous suspension>
#1      MatchesGoldenFile.matchAsync.<anonymous closure> (package:flutter_test/src/_matchers_io.dart:124:32)
<asynchronous suspension>
<asynchronous suspension>
#3      _expect.<anonymous closure> (package:matcher/src/expect/expect.dart:153:17)
<asynchronous suspension>
<asynchronous suspension>
#5      expectLater.<anonymous closure> (package:flutter_test/src/widget_tester.dart:508:19)
<asynchronous suspension>
#6      main.<anonymous closure> (file:///data/data/com.termux/files/home/ubuntu/flutteruser/flutterapps/fluvi-balance-wave-defaults/test/features/dashboard/presentation/balance_alternative_extended_sheet_cards_test.dart:260:9)
<asynchronous suspension>
#7      testWidgets.<anonymous closure>.<anonymous closure> (package:flutter_test/src/widget_tester.dart:192:15)
<asynchronous suspension>
#8      TestWidgetsFlutterBinding._runTestBody (package:flutter_test/src/binding.dart:1682:5)
<asynchronous suspension>
<asynchronous suspension>
(elided 3 frames from dart:async and package:stack_trace)

The exception was caught asynchronously.
════════════════════════════════════════════════════════════════════════════════════════════════════
══╡ EXCEPTION CAUGHT BY FLUTTER TEST FRAMEWORK ╞════════════════════════════════════════════════════
The following assertion was thrown while running async test code:
Golden "../../../goldens/balance_monthly_spending_reactiveSvg.png": Pixel test failed, 45.92%,
59515px diff detected.
Failure feedback can be found at
/data/data/com.termux/files/home/ubuntu/flutteruser/flutterapps/fluvi-balance-wave-defaults/test/features/dashboard/presentation/failures

When the exception was thrown, this was the stack:
#0      LocalFileComparator.compare (package:flutter_test/src/_goldens_io.dart:108:5)
<asynchronous suspension>
#1      MatchesGoldenFile.matchAsync.<anonymous closure> (package:flutter_test/src/_matchers_io.dart:124:32)
<asynchronous suspension>
<asynchronous suspension>
#3      _expect.<anonymous closure> (package:matcher/src/expect/expect.dart:153:17)
<asynchronous suspension>
<asynchronous suspension>
#5      expectLater.<anonymous closure> (package:flutter_test/src/widget_tester.dart:508:19)
<asynchronous suspension>
#6      main.<anonymous closure> (file:///data/data/com.termux/files/home/ubuntu/flutteruser/flutterapps/fluvi-balance-wave-defaults/test/features/dashboard/presentation/balance_alternative_extended_sheet_cards_test.dart:260:9)
<asynchronous suspension>
#7      testWidgets.<anonymous closure>.<anonymous closure> (package:flutter_test/src/widget_tester.dart:192:15)
<asynchronous suspension>
#8      TestWidgetsFlutterBinding._runTestBody (package:flutter_test/src/binding.dart:1682:5)
<asynchronous suspension>
<asynchronous suspension>
(elided 3 frames from dart:async and package:stack_trace)

The exception was caught asynchronously.
════════════════════════════════════════════════════════════════════════════════════════════════════
══╡ EXCEPTION CAUGHT BY FLUTTER TEST FRAMEWORK ╞════════════════════════════════════════════════════
The following assertion was thrown while running async test code:
Golden "../../../goldens/balance_monthly_spending_shaderAtmosphere.png": Pixel test failed, 58.08%,
75271px diff detected.
Failure feedback can be found at
/data/data/com.termux/files/home/ubuntu/flutteruser/flutterapps/fluvi-balance-wave-defaults/test/features/dashboard/presentation/failures

When the exception was thrown, this was the stack:
#0      LocalFileComparator.compare (package:flutter_test/src/_goldens_io.dart:108:5)
<asynchronous suspension>
#1      MatchesGoldenFile.matchAsync.<anonymous closure> (package:flutter_test/src/_matchers_io.dart:124:32)
<asynchronous suspension>
<asynchronous suspension>
#3      _expect.<anonymous closure> (package:matcher/src/expect/expect.dart:153:17)
<asynchronous suspension>
<asynchronous suspension>
#5      expectLater.<anonymous closure> (package:flutter_test/src/widget_tester.dart:508:19)
<asynchronous suspension>
#6      main.<anonymous closure> (file:///data/data/com.termux/files/home/ubuntu/flutteruser/flutterapps/fluvi-balance-wave-defaults/test/features/dashboard/presentation/balance_alternative_extended_sheet_cards_test.dart:260:9)
<asynchronous suspension>
#7      testWidgets.<anonymous closure>.<anonymous closure> (package:flutter_test/src/widget_tester.dart:192:15)
<asynchronous suspension>
#8      TestWidgetsFlutterBinding._runTestBody (package:flutter_test/src/binding.dart:1682:5)
<asynchronous suspension>
<asynchronous suspension>
(elided 3 frames from dart:async and package:stack_trace)

The exception was caught asynchronously.
════════════════════════════════════════════════════════════════════════════════════════════════════
══╡ EXCEPTION CAUGHT BY FLUTTER TEST FRAMEWORK ╞════════════════════════════════════════════════════
The following message was thrown:
Multiple exceptions (3) were detected during the running of the current test, and at least one was
unexpected.
════════════════════════════════════════════════════════════════════════════════════════════════════
00:08 +10 -1: /data/data/com.termux/files/home/ubuntu/flutteruser/flutterapps/fluvi-balance-wave-defaults/test/features/dashboard/presentation/balance_alternative_extended_sheet_cards_test.dart: MTC-07 visual: the original and all three additive monthly spending choices remain phone-safe and visibly distinct [E]
  Test failed. See exception logs above.
  The test description was: MTC-07 visual: the original and all three additive monthly spending choices remain phone-safe and visibly distinct

00:08 +10 -1: /data/data/com.termux/files/home/ubuntu/flutteruser/flutterapps/fluvi-balance-wave-defaults/test/features/dashboard/presentation/balance_alternative_extended_sheet_cards_test.dart: ALT-HAVI2-UI-RED: month card renders real daily, no-spend, savings and strip data
00:08 +11 -1: /data/data/com.termux/files/home/ubuntu/flutteruser/flutterapps/fluvi-balance-wave-defaults/test/features/dashboard/presentation/balance_alternative_extended_sheet_cards_test.dart: ALT-EVES-UI-RED: annual cards expose real closing chart and live bar/line switch
00:08 +12 -1: /data/data/com.termux/files/home/ubuntu/flutteruser/flutterapps/fluvi-balance-wave-defaults/test/features/dashboard/presentation/balance_alternative_extended_sheet_cards_test.dart: ALT-HAVI2-UI-RED: income and expense strip retains the HTML fixed row height
00:08 +13 -1: /data/data/com.termux/files/home/ubuntu/flutteruser/flutterapps/fluvi-balance-wave-defaults/test/features/dashboard/presentation/balance_alternative_extended_sheet_cards_test.dart: ALT-VISUAL: Havi 2 extended sheet keeps its HTML-derived card proportions
00:08 +14 -1: /data/data/com.termux/files/home/ubuntu/flutteruser/flutterapps/fluvi-balance-wave-defaults/test/features/dashboard/presentation/balance_alternative_extended_sheet_cards_test.dart: ALT-VISUAL: Éves extended sheet keeps its HTML-derived card proportions
00:09 +15 -1: loading /data/data/com.termux/files/home/ubuntu/flutteruser/flutterapps/fluvi-balance-wave-defaults/test/features/dashboard/presentation/balance_alternative_income_expense_bar_card_test.dart
00:11 +15 -1: /data/data/com.termux/files/home/ubuntu/flutteruser/flutterapps/fluvi-balance-wave-defaults/test/features/dashboard/presentation/balance_alternative_income_expense_bar_card_test.dart: ALT2-03/04: YEAR Card 3 keeps all twelve groups inside one fixed plot
00:12 +16 -1: /data/data/com.termux/files/home/ubuntu/flutteruser/flutterapps/fluvi-balance-wave-defaults/test/features/dashboard/presentation/balance_alternative_income_expense_bar_card_test.dart: ALT2-05: SUM scrolls only overflowing plot chrome and keeps newest years reachable
00:13 +17 -1: /data/data/com.termux/files/home/ubuntu/flutteruser/flutterapps/fluvi-balance-wave-defaults/test/features/dashboard/presentation/balance_alternative_income_expense_bar_card_test.dart: ALT2-05: SUM keeps the fixed lane when all years fit
00:13 +18 -1: /data/data/com.termux/files/home/ubuntu/flutteruser/flutterapps/fluvi-balance-wave-defaults/test/features/dashboard/presentation/balance_alternative_income_expense_bar_card_test.dart: ALT2-05: a harmless SUM presentation refresh preserves user history position
00:13 +19 -1: loading /data/data/com.termux/files/home/ubuntu/flutteruser/flutterapps/fluvi-balance-wave-defaults/test/features/dashboard/application/dashboard_balance_primary_projection_test.dart
00:15 +19 -1: /data/data/com.termux/files/home/ubuntu/flutteruser/flutterapps/fluvi-balance-wave-defaults/test/features/dashboard/application/dashboard_balance_primary_projection_test.dart: P2-SUM/YEAR RED: resident directional membership produces exact annual and twelve-month paired totals
00:15 +20 -1: /data/data/com.termux/files/home/ubuntu/flutteruser/flutterapps/fluvi-balance-wave-defaults/test/features/dashboard/application/dashboard_balance_primary_projection_test.dart: P2-MONTH-REBASE RED: daily Income and Expense steps begin at month-local zero and end at exact metrics
00:15 +21 -1: /data/data/com.termux/files/home/ubuntu/flutteruser/flutterapps/fluvi-balance-wave-defaults/test/features/dashboard/application/dashboard_balance_primary_projection_test.dart: P2-DAY-OUT-OF-SCOPE RED: Day has no Balance chart payload
00:15 +22 -1: /data/data/com.termux/files/home/ubuntu/flutteruser/flutterapps/fluvi-balance-wave-defaults/test/features/dashboard/application/dashboard_balance_primary_projection_test.dart: L3-RED: Day keeps scope-local Cashflow totals although its large chart is unsupported
00:15 +23 -1: /data/data/com.termux/files/home/ubuntu/flutteruser/flutterapps/fluvi-balance-wave-defaults/test/features/dashboard/application/dashboard_balance_primary_projection_test.dart: L4-RED: linked latest transactions stay in scope and order both directions
00:15 +24 -1: /data/data/com.termux/files/home/ubuntu/flutteruser/flutterapps/fluvi-balance-wave-defaults/test/features/dashboard/application/dashboard_balance_primary_projection_test.dart: LATEST-VISUAL-RED: latest projection retains admitted category visual metadata
00:15 +25 -1: /data/data/com.termux/files/home/ubuntu/flutteruser/flutterapps/fluvi-balance-wave-defaults/test/features/dashboard/application/dashboard_balance_primary_projection_test.dart: LATEST-TIME-RED: latest projection retains the authoritative local minutes
00:15 +26 -1: /data/data/com.termux/files/home/ubuntu/flutteruser/flutterapps/fluvi-balance-wave-defaults/test/features/dashboard/application/dashboard_balance_primary_projection_test.dart: LATEST-TIME: a visible local-time change invalidates linked presentation even with fixed UTC ordering
00:16 +27 -1: /data/data/com.termux/files/home/ubuntu/flutteruser/flutterapps/fluvi-balance-wave-defaults/test/features/dashboard/application/dashboard_balance_primary_projection_test.dart: L5-RED: linked top category ranks absolute amount on active direction only
00:16 +28 -1: /data/data/com.termux/files/home/ubuntu/flutteruser/flutterapps/fluvi-balance-wave-defaults/test/features/dashboard/application/dashboard_balance_primary_projection_test.dart: L6-RED: linked top partner ranks transaction count on active direction only
00:16 +29 -1: /data/data/com.termux/files/home/ubuntu/flutteruser/flutterapps/fluvi-balance-wave-defaults/test/features/dashboard/application/dashboard_balance_primary_projection_test.dart: MOVERS: linked payload publishes the bounded selected-direction projection
00:16 +30 -1: /data/data/com.termux/files/home/ubuntu/flutteruser/flutterapps/fluvi-balance-wave-defaults/test/features/dashboard/application/dashboard_balance_primary_projection_test.dart: PC1/BM1 RED: one linked Balance payload carries dual-direction Closings and Momentum from resident histories
00:16 +31 -1: /data/data/com.termux/files/home/ubuntu/flutteruser/flutterapps/fluvi-balance-wave-defaults/test/features/dashboard/application/dashboard_balance_primary_projection_test.dart: BX-OWNER RED: one linked presentation owns both-direction Retention and Stability once
00:16 +32 -1: loading /data/data/com.termux/files/home/ubuntu/flutteruser/flutterapps/fluvi-balance-wave-defaults/test/features/dashboard/presentation/dashboard_core_mode_host_test.dart
00:21 +32 -1: /data/data/com.termux/files/home/ubuntu/flutteruser/flutterapps/fluvi-balance-wave-defaults/test/features/dashboard/presentation/dashboard_core_mode_host_test.dart: (setUpAll)
00:22 +32 -1: /data/data/com.termux/files/home/ubuntu/flutteruser/flutterapps/fluvi-balance-wave-defaults/test/features/dashboard/presentation/dashboard_core_mode_host_test.dart: BALANCE-HEADER-ROUTE/BUTTON RED: production Header relay inspects Balance points and the tuner sits in the brand lane
Carousel fling: raw=0.0px/s, effective=0.0px/s, itemExtent=32.00, speed=0.00 items/s, band=nearest, maxStep=0, projected=0, target=0, delta=0
Carousel fling: raw=0.0px/s, effective=0.0px/s, itemExtent=32.00, speed=0.00 items/s, band=nearest, maxStep=0, projected=100000, target=100000, delta=0
00:24 +33 -1: /data/data/com.termux/files/home/ubuntu/flutteruser/flutterapps/fluvi-balance-wave-defaults/test/features/dashboard/presentation/dashboard_core_mode_host_test.dart: settled host mounts exactly the committed mode root
Carousel fling: raw=0.0px/s, effective=0.0px/s, itemExtent=32.00, speed=0.00 items/s, band=nearest, maxStep=0, projected=0, target=0, delta=0
Carousel fling: raw=0.0px/s, effective=0.0px/s, itemExtent=32.00, speed=0.00 items/s, band=nearest, maxStep=0, projected=100000, target=100000, delta=0
Carousel fling: raw=0.0px/s, effective=0.0px/s, itemExtent=32.00, speed=0.00 items/s, band=nearest, maxStep=0, projected=100001, target=100001, delta=0
Carousel fling: raw=0.0px/s, effective=0.0px/s, itemExtent=32.00, speed=0.00 items/s, band=nearest, maxStep=0, projected=100002, target=100002, delta=0
00:24 +34 -1: /data/data/com.termux/files/home/ubuntu/flutteruser/flutterapps/fluvi-balance-wave-defaults/test/features/dashboard/presentation/dashboard_core_mode_host_test.dart: HMS-01 RED: the Header mode icon is a bounded vertical selector and normal tap never cycles the core mode
Carousel fling: raw=0.0px/s, effective=0.0px/s, itemExtent=32.00, speed=0.00 items/s, band=nearest, maxStep=0, projected=0, target=0, delta=0
Carousel fling: raw=0.0px/s, effective=0.0px/s, itemExtent=32.00, speed=0.00 items/s, band=nearest, maxStep=0, projected=100000, target=100000, delta=0
Carousel fling: raw=-0.0px/s, effective=-0.0px/s, itemExtent=32.00, speed=-0.00 items/s, band=nearest, maxStep=0, projected=100000, target=100000, delta=0
Carousel fling: raw=-0.0px/s, effective=-0.0px/s, itemExtent=32.00, speed=-0.00 items/s, band=nearest, maxStep=0, projected=100001, target=100001, delta=0
Carousel snap: stiffness=175.0, settle=864ms
Carousel fling: raw=-0.0px/s, effective=-0.0px/s, itemExtent=32.00, speed=-0.00 items/s, band=nearest, maxStep=0, projected=100002, target=100002, delta=0
Carousel snap: stiffness=175.0, settle=944ms
Carousel fling: raw=-0.0px/s, effective=-0.0px/s, itemExtent=32.00, speed=-0.00 items/s, band=nearest, maxStep=0, projected=100003, target=100003, delta=0
Carousel snap: stiffness=175.0, settle=992ms
Carousel fling: raw=-0.0px/s, effective=-0.0px/s, itemExtent=32.00, speed=-0.00 items/s, band=nearest, maxStep=0, projected=100002, target=100002, delta=0
Carousel snap: stiffness=175.0, settle=944ms
00:24 +35 -1: /data/data/com.termux/files/home/ubuntu/flutteruser/flutterapps/fluvi-balance-wave-defaults/test/features/dashboard/presentation/dashboard_core_mode_host_test.dart: HMS-02 RED: a partial vertical drag moves the real clipped items before semantic crossing
Carousel fling: raw=0.0px/s, effective=0.0px/s, itemExtent=32.00, speed=0.00 items/s, band=nearest, maxStep=0, projected=0, target=0, delta=0
Carousel fling: raw=0.0px/s, effective=0.0px/s, itemExtent=32.00, speed=0.00 items/s, band=nearest, maxStep=0, projected=100000, target=100000, delta=0
Carousel fling: raw=-0.0px/s, effective=-0.0px/s, itemExtent=32.00, speed=-0.00 items/s, band=nearest, maxStep=0, projected=100000, target=100000, delta=0
Carousel snap: stiffness=175.0, settle=960ms
Carousel fling: raw=0.0px/s, effective=0.0px/s, itemExtent=32.00, speed=0.00 items/s, band=nearest, maxStep=0, projected=100000, target=100000, delta=0
Carousel fling: raw=-0.0px/s, effective=-0.0px/s, itemExtent=32.00, speed=-0.00 items/s, band=nearest, maxStep=0, projected=100000, target=100000, delta=0
Carousel snap: stiffness=175.0, settle=960ms
00:25 +36 -1: /data/data/com.termux/files/home/ubuntu/flutteruser/flutterapps/fluvi-balance-wave-defaults/test/features/dashboard/presentation/dashboard_core_mode_host_test.dart: HSG-01 RED: Header-local gain doubles both cumulative finger-distance boundaries before release
Carousel fling: raw=0.0px/s, effective=0.0px/s, itemExtent=32.00, speed=0.00 items/s, band=nearest, maxStep=0, projected=0, target=0, delta=0
Carousel fling: raw=0.0px/s, effective=0.0px/s, itemExtent=32.00, speed=0.00 items/s, band=nearest, maxStep=0, projected=100000, target=100000, delta=0
Carousel fling: raw=-0.0px/s, effective=-0.0px/s, itemExtent=32.00, speed=-0.00 items/s, band=nearest, maxStep=0, projected=100002, target=100002, delta=0
Carousel snap: stiffness=175.0, settle=1072ms
00:25 +37 -1: /data/data/com.termux/files/home/ubuntu/flutteruser/flutterapps/fluvi-balance-wave-defaults/test/features/dashboard/presentation/dashboard_core_mode_host_test.dart: HMS-03 RED: selector input is isolated from Header expansion and preserves the physical carousel owner
Carousel fling: raw=0.0px/s, effective=0.0px/s, itemExtent=32.00, speed=0.00 items/s, band=nearest, maxStep=0, projected=0, target=0, delta=0
Carousel fling: raw=0.0px/s, effective=0.0px/s, itemExtent=32.00, speed=0.00 items/s, band=nearest, maxStep=0, projected=100000, target=100000, delta=0
Carousel fling: raw=-0.0px/s, effective=-0.0px/s, itemExtent=32.00, speed=-0.00 items/s, band=nearest, maxStep=0, projected=100001, target=100001, delta=0
Carousel snap: stiffness=175.0, settle=864ms
Carousel fling: raw=-0.0px/s, effective=-0.0px/s, itemExtent=32.00, speed=-0.00 items/s, band=nearest, maxStep=0, projected=100002, target=100002, delta=0
Carousel snap: stiffness=175.0, settle=944ms
Carousel fling: raw=-0.0px/s, effective=-0.0px/s, itemExtent=32.00, speed=-0.00 items/s, band=nearest, maxStep=0, projected=100003, target=100003, delta=0
Carousel snap: stiffness=175.0, settle=992ms
00:25 +38 -1: /data/data/com.termux/files/home/ubuntu/flutteruser/flutterapps/fluvi-balance-wave-defaults/test/features/dashboard/presentation/dashboard_core_mode_host_test.dart: HEADER-MODE-ICON-SIZE/WAVE RED: the icon scales from its base without owning Header tap waves
Carousel fling: raw=0.0px/s, effective=0.0px/s, itemExtent=32.00, speed=0.00 items/s, band=nearest, maxStep=0, projected=0, target=0, delta=0
Carousel fling: raw=0.0px/s, effective=0.0px/s, itemExtent=32.00, speed=0.00 items/s, band=nearest, maxStep=0, projected=100000, target=100000, delta=0
Carousel fling: raw=0.0px/s, effective=0.0px/s, itemExtent=52.00, speed=0.00 items/s, band=nearest, maxStep=0, projected=100000, target=100000, delta=0
Carousel fling: raw=0.0px/s, effective=0.0px/s, itemExtent=52.00, speed=0.00 items/s, band=nearest, maxStep=0, projected=100000, target=100000, delta=0
Carousel fling: raw=0.0px/s, effective=0.0px/s, itemExtent=52.00, speed=0.00 items/s, band=nearest, maxStep=0, projected=100000, target=100000, delta=0
Carousel fling: raw=-0.0px/s, effective=-0.0px/s, itemExtent=52.00, speed=-0.00 items/s, band=nearest, maxStep=0, projected=100000, target=100000, delta=0
00:25 +39 -1: /data/data/com.termux/files/home/ubuntu/flutteruser/flutterapps/fluvi-balance-wave-defaults/test/features/dashboard/presentation/dashboard_core_mode_host_test.dart: Mind uses the central unified envelope endpoints
00:25 +40 -1: /data/data/com.termux/files/home/ubuntu/flutteruser/flutterapps/fluvi-balance-wave-defaults/test/features/dashboard/presentation/dashboard_core_mode_host_test.dart: Budget replaces only card1 content with a rail in the existing card1 envelope
Carousel fling: raw=0.0px/s, effective=0.0px/s, itemExtent=32.00, speed=0.00 items/s, band=nearest, maxStep=0, projected=0, target=0, delta=0
Carousel fling: raw=0.0px/s, effective=0.0px/s, itemExtent=32.00, speed=0.00 items/s, band=nearest, maxStep=0, projected=100000, target=100000, delta=0
00:26 +41 -1: /data/data/com.termux/files/home/ubuntu/flutteruser/flutterapps/fluvi-balance-wave-defaults/test/features/dashboard/presentation/dashboard_core_mode_host_test.dart: header and cards stay stationary before horizontal acceptance
Carousel fling: raw=0.0px/s, effective=0.0px/s, itemExtent=32.00, speed=0.00 items/s, band=nearest, maxStep=0, projected=0, target=0, delta=0
Carousel fling: raw=0.0px/s, effective=0.0px/s, itemExtent=32.00, speed=0.00 items/s, band=nearest, maxStep=0, projected=100000, target=100000, delta=0
00:26 +42 -1: /data/data/com.termux/files/home/ubuntu/flutteruser/flutterapps/fluvi-balance-wave-defaults/test/features/dashboard/presentation/dashboard_core_mode_host_test.dart: long left header swipe remains inert after mode navigation moved to the icon
Carousel fling: raw=0.0px/s, effective=0.0px/s, itemExtent=32.00, speed=0.00 items/s, band=nearest, maxStep=0, projected=0, target=0, delta=0
Carousel fling: raw=0.0px/s, effective=0.0px/s, itemExtent=32.00, speed=0.00 items/s, band=nearest, maxStep=0, projected=100000, target=100000, delta=0
00:26 +43 -1: /data/data/com.termux/files/home/ubuntu/flutteruser/flutterapps/fluvi-balance-wave-defaults/test/features/dashboard/presentation/dashboard_core_mode_host_test.dart: repeated horizontal header movement never changes a logical mode
Carousel fling: raw=0.0px/s, effective=0.0px/s, itemExtent=32.00, speed=0.00 items/s, band=nearest, maxStep=0, projected=0, target=0, delta=0
Carousel fling: raw=0.0px/s, effective=0.0px/s, itemExtent=32.00, speed=0.00 items/s, band=nearest, maxStep=0, projected=100000, target=100000, delta=0
00:26 +44 -1: /data/data/com.termux/files/home/ubuntu/flutteruser/flutterapps/fluvi-balance-wave-defaults/test/features/dashboard/presentation/dashboard_core_mode_host_test.dart: pointer up leaves the inert Header horizontal contract intact
Carousel fling: raw=0.0px/s, effective=0.0px/s, itemExtent=32.00, speed=0.00 items/s, band=nearest, maxStep=0, projected=0, target=0, delta=0
Carousel fling: raw=0.0px/s, effective=0.0px/s, itemExtent=32.00, speed=0.00 items/s, band=nearest, maxStep=0, projected=100000, target=100000, delta=0
00:26 +45 -1: /data/data/com.termux/files/home/ubuntu/flutteruser/flutterapps/fluvi-balance-wave-defaults/test/features/dashboard/presentation/dashboard_core_mode_host_test.dart: right header swipe remains inert
Carousel fling: raw=0.0px/s, effective=0.0px/s, itemExtent=32.00, speed=0.00 items/s, band=nearest, maxStep=0, projected=0, target=0, delta=0
Carousel fling: raw=0.0px/s, effective=0.0px/s, itemExtent=32.00, speed=0.00 items/s, band=nearest, maxStep=0, projected=100000, target=100000, delta=0
00:26 +46 -1: /data/data/com.termux/files/home/ubuntu/flutteruser/flutterapps/fluvi-balance-wave-defaults/test/features/dashboard/presentation/dashboard_core_mode_host_test.dart: vertical header drag uses only expansion callbacks
Carousel fling: raw=0.0px/s, effective=0.0px/s, itemExtent=32.00, speed=0.00 items/s, band=nearest, maxStep=0, projected=0, target=0, delta=0
Carousel fling: raw=0.0px/s, effective=0.0px/s, itemExtent=32.00, speed=0.00 items/s, band=nearest, maxStep=0, projected=100000, target=100000, delta=0
00:26 +47 -1: /data/data/com.termux/files/home/ubuntu/flutteruser/flutterapps/fluvi-balance-wave-defaults/test/features/dashboard/presentation/dashboard_core_mode_host_test.dart: diagonal Header movement only claims vertical expansion
Carousel fling: raw=0.0px/s, effective=0.0px/s, itemExtent=32.00, speed=0.00 items/s, band=nearest, maxStep=0, projected=0, target=0, delta=0
Carousel fling: raw=0.0px/s, effective=0.0px/s, itemExtent=32.00, speed=0.00 items/s, band=nearest, maxStep=0, projected=100000, target=100000, delta=0
00:26 +48 -1: /data/data/com.termux/files/home/ubuntu/flutteruser/flutterapps/fluvi-balance-wave-defaults/test/features/dashboard/presentation/dashboard_core_mode_host_test.dart: card and Mind-body drags never claim global mode navigation
Carousel fling: raw=0.0px/s, effective=0.0px/s, itemExtent=32.00, speed=0.00 items/s, band=nearest, maxStep=0, projected=0, target=0, delta=0
Carousel fling: raw=0.0px/s, effective=0.0px/s, itemExtent=32.00, speed=0.00 items/s, band=nearest, maxStep=0, projected=100000, target=100000, delta=0

Warning: A call to drag() with finder "Found 1 widget with key [<'dashboard-core-mode-balance-card-1'>]: [
  KeyedSubtree-[<'dashboard-core-mode-balance-card-1'>],
]" derived an Offset (Offset(206.0, 280.6)) that would not hit test on the specified widget.
Maybe the widget is actually off-screen, or another widget is obscuring it, or the widget cannot receive pointer events.
The finder corresponds to this RenderBox: RenderConstrainedBox#62846
The hit test result at that offset is: HitTestResult(RenderDecoratedBox#4a062@Offset(186.0, 35.6), RenderSemanticsAnnotations#85810@Offset(186.0, 35.6), RenderPadding#b81a6@Offset(189.0, 38.6), RenderConstrainedBox#5ccfc@Offset(189.0, 38.6), RenderStack#0a3b4@Offset(189.0, 176.6), _RenderLayoutBuilder#71a6c@Offset(189.0, 176.6), RenderStack#588b1@Offset(206.0, 280.6), RenderConstrainedBox#59f4f@Offset(206.0, 280.6), RenderPointerListener#10b1d@Offset(206.0, 280.6), RenderSemanticsGestureHandler#46659@Offset(206.0, 280.6), RenderStack#a7c86@Offset(206.0, 280.6), RenderConstrainedBox#1939c@Offset(206.0, 280.6), RenderPositionedBox#925cc@Offset(206.0, 280.6), RenderCustomMultiChildLayoutBox#a3297@Offset(206.0, 280.6), _RenderInkFeatures#c352a@Offset(206.0, 280.6), RenderPhysicalModel#613f8@Offset(206.0, 280.6), RenderSemanticsAnnotations#2ec47@Offset(206.0, 280.6), RenderRepaintBoundary#ef309@Offset(206.0, 280.6), RenderIgnorePointer#9a1e7@Offset(206.0, 280.6), RenderAnimatedOpacity#750eb@Offset(206.0, 280.6), RenderAnimatedOpacity#ba127@Offset(206.0, 280.6), _RenderColoredBox#cdf1c@Offset(206.0, 280.6), RenderAnimatedOpacity#5cbeb@Offset(206.0, 280.6), RenderIgnorePointer#beb37@Offset(206.0, 280.6), RenderAnimatedOpacity#bd477@Offset(206.0, 280.6), RenderRepaintBoundary#6cb0d@Offset(206.0, 280.6), RenderSemanticsAnnotations#adead@Offset(206.0, 280.6), RenderOffstage#7686b@Offset(206.0, 280.6), RenderSemanticsAnnotations#978ea@Offset(206.0, 280.6), _RenderTheater#b6950@Offset(206.0, 280.6), RenderAbsorbPointer#a70a7@Offset(206.0, 280.6), RenderPointerListener#7362e@Offset(206.0, 280.6), RenderSemanticsAnnotations#b1965@Offset(206.0, 280.6), RenderCustomPaint#48704@Offset(206.0, 280.6), RenderSemanticsAnnotations#6c375@Offset(206.0, 280.6), RenderSemanticsAnnotations#7ae4d@Offset(206.0, 280.6), RenderSemanticsAnnotations#03dfa@Offset(206.0, 280.6), RenderTapRegionSurface#c0519@Offset(206.0, 280.6), RenderSemanticsAnnotations#c6abf@Offset(206.0, 280.6), RenderSemanticsAnnotations#8060f@Offset(206.0, 280.6), HitTestEntry<HitTestTarget>#06dee(_ReusableRenderView#67a52), HitTestEntry<HitTestTarget>#0498c(<AutomatedTestWidgetsFlutterBinding>))
#0      WidgetController._getElementPoint (package:flutter_test/src/controller.dart:2158:25)
#1      WidgetController.getCenter (package:flutter_test/src/controller.dart:1942:12)
#2      WidgetController.drag (package:flutter_test/src/controller.dart:1599:7)
#3      main.<anonymous closure> (file:///data/data/com.termux/files/home/ubuntu/flutteruser/flutterapps/fluvi-balance-wave-defaults/test/features/dashboard/presentation/dashboard_core_mode_host_test.dart:768:18)
<asynchronous suspension>
#4      testWidgets.<anonymous closure>.<anonymous closure> (package:flutter_test/src/widget_tester.dart:192:15)
<asynchronous suspension>
#5      TestWidgetsFlutterBinding._runTestBody (package:flutter_test/src/binding.dart:1682:5)
<asynchronous suspension>
#6      StackZoneSpecification._registerCallback.<anonymous closure> (package:stack_trace/src/stack_zone_specification.dart:114:42)
<asynchronous suspension>
To silence this warning, pass "warnIfMissed: false" to "drag()".
To make this warning fatal, set WidgetController.hitTestWarningShouldBeFatal to true.

Carousel fling: raw=0.0px/s, effective=0.0px/s, itemExtent=32.00, speed=0.00 items/s, band=nearest, maxStep=0, projected=100002, target=100002, delta=0
00:27 +49 -1: /data/data/com.termux/files/home/ubuntu/flutteruser/flutterapps/fluvi-balance-wave-defaults/test/features/dashboard/presentation/dashboard_core_mode_host_test.dart: a physical vertical drag on the Budget content-card background uses the Header expansion owner
Carousel fling: raw=0.0px/s, effective=0.0px/s, itemExtent=32.00, speed=0.00 items/s, band=nearest, maxStep=0, projected=0, target=0, delta=0
Carousel fling: raw=0.0px/s, effective=0.0px/s, itemExtent=32.00, speed=0.00 items/s, band=nearest, maxStep=0, projected=100000, target=100000, delta=0
00:27 +50 -1: /data/data/com.termux/files/home/ubuntu/flutteruser/flutterapps/fluvi-balance-wave-defaults/test/features/dashboard/presentation/dashboard_core_mode_host_test.dart: atomic replacement preserves the current expansion geometry
Carousel fling: raw=0.0px/s, effective=0.0px/s, itemExtent=130.32, speed=0.00 items/s, band=nearest, maxStep=0, projected=0, target=0, delta=0
Carousel fling: raw=0.0px/s, effective=0.0px/s, itemExtent=32.00, speed=0.00 items/s, band=nearest, maxStep=0, projected=0, target=0, delta=0
Carousel fling: raw=0.0px/s, effective=0.0px/s, itemExtent=130.32, speed=0.00 items/s, band=nearest, maxStep=0, projected=100000, target=100000, delta=0
Carousel fling: raw=0.0px/s, effective=0.0px/s, itemExtent=32.00, speed=0.00 items/s, band=nearest, maxStep=0, projected=100000, target=100000, delta=0
Carousel fling: raw=0.0px/s, effective=0.0px/s, itemExtent=32.00, speed=0.00 items/s, band=nearest, maxStep=0, projected=100001, target=100001, delta=0
00:27 +51 -1: /data/data/com.termux/files/home/ubuntu/flutteruser/flutterapps/fluvi-balance-wave-defaults/test/features/dashboard/presentation/dashboard_core_mode_host_test.dart: (tearDownAll)
00:27 +51 -1: loading /data/data/com.termux/files/home/ubuntu/flutteruser/flutterapps/fluvi-balance-wave-defaults/test/features/dashboard/presentation/mind_header_score_chart_test.dart
00:30 +51 -1: /data/data/com.termux/files/home/ubuntu/flutteruser/flutterapps/fluvi-balance-wave-defaults/test/features/dashboard/presentation/mind_header_score_chart_test.dart: MHC-01 expanded-only chart is absent when Header expansion is zero
00:31 +52 -1: /data/data/com.termux/files/home/ubuntu/flutteruser/flutterapps/fluvi-balance-wave-defaults/test/features/dashboard/presentation/mind_header_score_chart_test.dart: MHC foreground line color is independent from score data
00:31 +53 -1: /data/data/com.termux/files/home/ubuntu/flutteruser/flutterapps/fluvi-balance-wave-defaults/test/features/dashboard/presentation/mind_header_score_chart_test.dart: HIV: Mind receives an independent optional chart-underlay veil
00:31 +54 -1: /data/data/com.termux/files/home/ubuntu/flutteruser/flutterapps/fluvi-balance-wave-defaults/test/features/dashboard/presentation/mind_header_score_chart_test.dart: MHC-01 chart reveal is continuously clipped by existing Header expansion
00:31 +55 -1: /data/data/com.termux/files/home/ubuntu/flutteruser/flutterapps/fluvi-balance-wave-defaults/test/features/dashboard/presentation/mind_header_score_chart_test.dart: MHC-03/04 plot keeps the reference line, endpoint and white fade specification
00:31 +56 -1: /data/data/com.termux/files/home/ubuntu/flutteruser/flutterapps/fluvi-balance-wave-defaults/test/features/dashboard/presentation/mind_header_score_chart_test.dart: CHART-X-01/02: sparse points, label anchors and hit testing share one epoch-day projection
00:31 +57 -1: /data/data/com.termux/files/home/ubuntu/flutteruser/flutterapps/fluvi-balance-wave-defaults/test/features/dashboard/presentation/mind_header_score_chart_test.dart: CHART-TAP-01/02/03/04/07: clean taps select, move and toggle immutable points independently of static labels
00:31 +58 -1: /data/data/com.termux/files/home/ubuntu/flutteruser/flutterapps/fluvi-balance-wave-defaults/test/features/dashboard/presentation/mind_header_score_chart_test.dart: CHART-X-02: static time labels use the same rounded epoch-day projection as the line
00:31 +59 -1: /data/data/com.termux/files/home/ubuntu/flutteruser/flutterapps/fluvi-balance-wave-defaults/test/features/dashboard/presentation/mind_header_score_chart_test.dart: CHART-TAP-05/06/10: series change clears selection, labels honor explicit mode, and edge boxes clamp inside Header
00:31 +60 -1: /data/data/com.termux/files/home/ubuntu/flutteruser/flutterapps/fluvi-balance-wave-defaults/test/features/dashboard/presentation/mind_header_score_chart_test.dart: RED CLB-01/03: visible time-label projection renders exactly five actual-domain dates without changing the plot
00:31 +61 -1: /data/data/com.termux/files/home/ubuntu/flutteruser/flutterapps/fluvi-balance-wave-defaults/test/features/dashboard/presentation/mind_header_score_chart_test.dart: RED CLB-01: time labels stay absent by default and collapsed
00:31 +62 -1: /data/data/com.termux/files/home/ubuntu/flutteruser/flutterapps/fluvi-balance-wave-defaults/test/features/dashboard/presentation/mind_header_score_chart_test.dart: RED CLB-02: time labels reproject from each immutable chart domain without changing score points
00:31 +63 -1: loading /data/data/com.termux/files/home/ubuntu/flutteruser/flutterapps/fluvi-balance-wave-defaults/test/features/dashboard/application/dashboard_budget_secondary_analysis_test.dart
00:33 +63 -1: /data/data/com.termux/files/home/ubuntu/flutteruser/flutterapps/fluvi-balance-wave-defaults/test/features/dashboard/application/dashboard_budget_secondary_analysis_test.dart: DashboardBudgetSecondaryAnalysisProjector SUM uses equal closed-month utilization and keeps zero spend
00:33 +64 -1: /data/data/com.termux/files/home/ubuntu/flutteruser/flutterapps/fluvi-balance-wave-defaults/test/features/dashboard/application/dashboard_budget_secondary_analysis_test.dart: DashboardBudgetSecondaryAnalysisProjector YEAR preserves 12 slots, product bar orientation and future truth
00:33 +65 -1: /data/data/com.termux/files/home/ubuntu/flutteruser/flutterapps/fluvi-balance-wave-defaults/test/features/dashboard/application/dashboard_budget_secondary_analysis_test.dart: DashboardBudgetSecondaryAnalysisProjector MONTH follows calendar days and projects only the current month
00:33 +66 -1: /data/data/com.termux/files/home/ubuntu/flutteruser/flutterapps/fluvi-balance-wave-defaults/test/features/dashboard/application/dashboard_budget_secondary_analysis_test.dart: DashboardBudgetSecondaryAnalysisProjector DAY calculates category-specific before, after and terminal safety
00:34 +67 -1: /data/data/com.termux/files/home/ubuntu/flutteruser/flutterapps/fluvi-balance-wave-defaults/test/features/dashboard/application/dashboard_budget_secondary_analysis_test.dart: DashboardBudgetSecondaryAnalysisProjector a missing limit is unavailable rather than a fabricated zero
00:34 +68 -1: /data/data/com.termux/files/home/ubuntu/flutteruser/flutterapps/fluvi-balance-wave-defaults/test/features/dashboard/application/dashboard_budget_secondary_analysis_test.dart: DashboardBudgetSecondaryAnalysisProjector MONTH keeps real 28, 29, 30 and 31-day calendar denominators
00:34 +69 -1: loading /data/data/com.termux/files/home/ubuntu/flutteruser/flutterapps/fluvi-balance-wave-defaults/test/features/dashboard/presentation/budget_secondary_analysis_card_test.dart
00:37 +69 -1: /data/data/com.termux/files/home/ubuntu/flutteruser/flutterapps/fluvi-balance-wave-defaults/test/features/dashboard/presentation/budget_secondary_analysis_card_test.dart: SUM mounts exactly one overspend-capable semicircle
00:38 +70 -1: /data/data/com.termux/files/home/ubuntu/flutteruser/flutterapps/fluvi-balance-wave-defaults/test/features/dashboard/presentation/budget_secondary_analysis_card_test.dart: YEAR mounts a centered zero-axis chart with prepared signed bars
00:38 +71 -1: /data/data/com.termux/files/home/ubuntu/flutteruser/flutterapps/fluvi-balance-wave-defaults/test/features/dashboard/presentation/budget_secondary_analysis_card_test.dart: MONTH mounts exactly two side-by-side semicircles and pp insight
00:38 +72 -1: /data/data/com.termux/files/home/ubuntu/flutteruser/flutterapps/fluvi-balance-wave-defaults/test/features/dashboard/presentation/budget_secondary_analysis_card_test.dart: DAY mounts Before After blocks, one arrow and one impact band
00:38 +73 -1: Some tests failed.
