2026-09-09T12:40:01.6656356Z I/flutter ( 2346): [PROFILE][SCENARIO_START] I_first_fling
2026-09-09T12:40:07.0352312Z I/flutter ( 2346): [PROFILE][SCENARIO_PREPARED] I_first_fling plane=month
2026-09-09T12:40:07.0357982Z I/flutter ( 2346): [PROFILE][SCENARIO_STABLE] I_first_fling
2026-09-09T12:40:36.6310185Z I/flutter ( 2346): [PROFILE][SCENARIO_READY] I_first_fling
2026-09-09T12:40:36.6348535Z I/flutter ( 2346): [PROFILE][SCENARIO_START] K_avatar_first_target
2026-09-09T12:40:42.5868002Z I/flutter ( 2346): [PROFILE][SCENARIO_PREPARED] K_avatar_first_target plane=month
2026-09-09T12:40:42.5877526Z I/flutter ( 2346): [PROFILE][SCENARIO_STABLE] K_avatar_first_target
2026-09-09T12:42:55.2507027Z I/flutter ( 2346): [PROFILE][SCENARIO_READY] K_avatar_first_target
2026-09-09T12:42:55.2516181Z I/flutter ( 2346): [PROFILE][SCENARIO_START] A_summary_sum_year_month
2026-09-09T12:43:00.0376124Z I/flutter ( 2346): [PROFILE][SCENARIO_PREPARED] A_summary_sum_year_month plane=sum
2026-09-09T12:43:00.0407691Z I/flutter ( 2346): [PROFILE][SCENARIO_STABLE] A_summary_sum_year_month
2026-09-09T12:43:38.0123101Z I/flutter ( 2346): [PROFILE][SCENARIO_READY] A_summary_sum_year_month
2026-09-09T12:43:38.0148374Z I/flutter ( 2346): [PROFILE][SCENARIO_START] B_year_month_rail_populated
2026-09-09T12:43:45.1967607Z I/flutter ( 2346): [PROFILE][SCENARIO_PREPARED] B_year_month_rail_populated plane=year
2026-09-09T12:43:45.1997467Z I/flutter ( 2346): [PROFILE][SCENARIO_STABLE] B_year_month_rail_populated
2026-09-09T12:48:03.6233161Z I/flutter ( 2346): [PROFILE][SCENARIO_READY] B_year_month_rail_populated
2026-09-09T12:48:03.6257669Z I/flutter ( 2346): [PROFILE][SCENARIO_START] C_year_month_rail_empty
2026-09-09T12:48:08.1187493Z I/flutter ( 2346): [PROFILE][SCENARIO_PREPARED] C_year_month_rail_empty plane=year
2026-09-09T12:48:08.1217365Z I/flutter ( 2346): [PROFILE][SCENARIO_STABLE] C_year_month_rail_empty
2026-09-09T12:52:25.9581492Z I/flutter ( 2346): [PROFILE][SCENARIO_READY] C_year_month_rail_empty
2026-09-09T12:52:25.9582736Z I/flutter ( 2346): [PROFILE][SCENARIO_START] D_month_day_rail_94
2026-09-09T12:52:30.4007467Z I/flutter ( 2346): [PROFILE][SCENARIO_PREPARED] D_month_day_rail_94 plane=month
2026-09-09T12:52:30.4037342Z I/flutter ( 2346): [PROFILE][SCENARIO_STABLE] D_month_day_rail_94
2026-09-09T12:56:48.4807276Z I/flutter ( 2346): [PROFILE][SCENARIO_READY] D_month_day_rail_94
2026-09-09T12:56:48.4810551Z I/flutter ( 2346): [PROFILE][SCENARIO_START] E_month_day_rail_empty
2026-09-09T12:56:52.3347493Z I/flutter ( 2346): [PROFILE][SCENARIO_PREPARED] E_month_day_rail_empty plane=month
2026-09-09T12:56:52.3377500Z I/flutter ( 2346): [PROFILE][SCENARIO_STABLE] E_month_day_rail_empty
2026-09-09T13:01:10.4836262Z I/flutter ( 2346): [PROFILE][SCENARIO_READY] E_month_day_rail_empty
2026-09-09T13:01:10.4867623Z I/flutter ( 2346): [PROFILE][SCENARIO_START] F_parent_while_rail_open
2026-09-09T13:01:15.7916517Z I/flutter ( 2346): [PROFILE][SCENARIO_PREPARED] F_parent_while_rail_open plane=month
2026-09-09T13:01:15.7977485Z I/flutter ( 2346): [PROFILE][SCENARIO_STABLE] F_parent_while_rail_open
2026-09-09T13:01:36.2426198Z I/flutter ( 2346): [PROFILE][SCENARIO_READY] F_parent_while_rail_open
2026-09-09T13:01:36.2441617Z I/flutter ( 2346): [PROFILE][SCENARIO_START] G_direction_while_rail_open
2026-09-09T13:01:41.4285523Z I/flutter ( 2346): [PROFILE][SCENARIO_PREPARED] G_direction_while_rail_open plane=month
2026-09-09T13:01:41.4317835Z I/flutter ( 2346): [PROFILE][SCENARIO_STABLE] G_direction_while_rail_open
2026-09-09T13:01:49.3762888Z I/flutter ( 2346): [PROFILE][SCENARIO_READY] G_direction_while_rail_open
2026-09-09T13:01:49.3782865Z I/flutter ( 2346): [PROFILE][SCENARIO_START] H_pulse_parent_navigation
2026-09-09T13:01:53.8902747Z I/flutter ( 2346): [PROFILE][SCENARIO_PREPARED] H_pulse_parent_navigation plane=month
2026-09-09T13:01:53.8927439Z I/flutter ( 2346): [PROFILE][SCENARIO_STABLE] H_pulse_parent_navigation
2026-09-09T13:02:17.3547967Z I/flutter ( 2346): [PROFILE][SCENARIO_READY] H_pulse_parent_navigation
2026-09-09T13:02:17.3577389Z I/flutter ( 2346): [PROFILE][SCENARIO_START] J_tenth_fling
2026-09-09T13:04:53.8917899Z I/flutter ( 2346):   TimeoutException after 0:25:00.000000: Test timed out after 25 minutes.
2026-09-09T13:04:55.2479113Z I/flutter ( 2346): 25:01 +1 -1: Some tests failed.
2026-09-09T13:04:56.4497088Z All tests passed.
